Archive member included because of file (symbol)

libs/gcc/app_start.lib(fileSys.o)
                              build\gcc\obj/example/Pooja_Power_V_0.0.3.o (Ql_FS_Open)
libs/gcc/app_start.lib(fota.o)
                              build\gcc\obj/custom/fota/src/fota_main.o (Ql_FOTA_Init)
libs/gcc/app_start.lib(gprs.o)
                              build\gcc\obj/example/Pooja_Power_V_0.0.3.o (Ql_GPRS_GetPDPContextId)
libs/gcc/app_start.lib(lib_ril_sms.o)
                              build\gcc\obj/ril/src/ril_sms.o (LIB_SMS_IsValidHexStr)
libs/gcc/app_start.lib(memory.o)
                              build\gcc\obj/ril/src/ril_bluetooth.o (Ql_MEM_Alloc)
libs/gcc/app_start.lib(ql_func.o)
                              libs/gcc/app_start.lib(memory.o) (api_notsup)
libs/gcc/app_start.lib(ql_main.o)
                              build\gcc\obj/ril/src/ril_bluetooth.o (Ql_Debug_Trace)
libs/gcc/app_start.lib(ril_aux.o)
                              build\gcc\obj/custom/config/sys_config.o (proc_reserved2)
libs/gcc/app_start.lib(ril_main.o)
                              build\gcc\obj/custom/config/sys_config.o (proc_reserved1)
libs/gcc/app_start.lib(socket.o)
                              build\gcc\obj/example/Pooja_Power_V_0.0.3.o (Ql_SOC_Register)
libs/gcc/app_start.lib(stdlib_func.o)
                              build\gcc\obj/ril/src/ril_dtmf.o (Ql_atof)
libs/gcc/app_start.lib(system.o)
                              build\gcc\obj/ril/src/ril_ftp.o (Ql_Sleep)
libs/gcc/app_start.lib(taskMngt.o)
                              build\gcc\obj/example/Pooja_Power_V_0.0.3.o (Ql_OS_GetMessage)
libs/gcc/app_start.lib(time.o)
                              build\gcc\obj/example/Pooja_Power_V_0.0.3.o (Ql_SetLocalTime)
libs/gcc/app_start.lib(timer.o)
                              build\gcc\obj/example/Pooja_Power_V_0.0.3.o (Ql_Timer_Register)
libs/gcc/app_start.lib(uart.o)
                              build\gcc\obj/example/Pooja_Power_V_0.0.3.o (Ql_UART_Register)
libs/gcc/app_start.lib(watchdog.o)
                              build\gcc\obj/example/Pooja_Power_V_0.0.3.o (Ql_WTD_Init)
libs/gcc/app_start.lib(gpio.o)
                              libs/gcc/app_start.lib(watchdog.o) (Ql_GPIO_Init)
libs/gcc/app_start.lib(ocpu_init.o)
                              libs/gcc/app_start.lib(ql_main.o) (_OCPU_InitUserMem)
C:\Program Files (x86)\CodeSourcery\Sourcery_CodeBench_Lite_for_ARM_EABI/arm-none-eabi/lib/thumb/libm.a(lib_a-s_floor.o)
                              build\gcc\obj/example/Pooja_Power_V_0.0.3.o (floor)
C:\Program Files (x86)\CodeSourcery\Sourcery_CodeBench_Lite_for_ARM_EABI/arm-none-eabi/lib/thumb/libm.a(lib_a-w_pow.o)
                              build\gcc\obj/example/Pooja_Power_V_0.0.3.o (pow)
C:\Program Files (x86)\CodeSourcery\Sourcery_CodeBench_Lite_for_ARM_EABI/arm-none-eabi/lib/thumb/libm.a(lib_a-e_pow.o)
                              C:\Program Files (x86)\CodeSourcery\Sourcery_CodeBench_Lite_for_ARM_EABI/arm-none-eabi/lib/thumb/libm.a(lib_a-w_pow.o) (__ieee754_pow)
C:\Program Files (x86)\CodeSourcery\Sourcery_CodeBench_Lite_for_ARM_EABI/arm-none-eabi/lib/thumb/libm.a(lib_a-e_sqrt.o)
                              C:\Program Files (x86)\CodeSourcery\Sourcery_CodeBench_Lite_for_ARM_EABI/arm-none-eabi/lib/thumb/libm.a(lib_a-e_pow.o) (__ieee754_sqrt)
C:\Program Files (x86)\CodeSourcery\Sourcery_CodeBench_Lite_for_ARM_EABI/arm-none-eabi/lib/thumb/libm.a(lib_a-s_fabs.o)
                              C:\Program Files (x86)\CodeSourcery\Sourcery_CodeBench_Lite_for_ARM_EABI/arm-none-eabi/lib/thumb/libm.a(lib_a-e_pow.o) (fabs)
C:\Program Files (x86)\CodeSourcery\Sourcery_CodeBench_Lite_for_ARM_EABI/arm-none-eabi/lib/thumb/libm.a(lib_a-s_finite.o)
                              C:\Program Files (x86)\CodeSourcery\Sourcery_CodeBench_Lite_for_ARM_EABI/arm-none-eabi/lib/thumb/libm.a(lib_a-w_pow.o) (finite)
C:\Program Files (x86)\CodeSourcery\Sourcery_CodeBench_Lite_for_ARM_EABI/arm-none-eabi/lib/thumb/libm.a(lib_a-s_fpclassify.o)
                              C:\Program Files (x86)\CodeSourcery\Sourcery_CodeBench_Lite_for_ARM_EABI/arm-none-eabi/lib/thumb/libm.a(lib_a-w_pow.o) (__fpclassifyd)
C:\Program Files (x86)\CodeSourcery\Sourcery_CodeBench_Lite_for_ARM_EABI/arm-none-eabi/lib/thumb/libm.a(lib_a-s_lib_ver.o)
                              C:\Program Files (x86)\CodeSourcery\Sourcery_CodeBench_Lite_for_ARM_EABI/arm-none-eabi/lib/thumb/libm.a(lib_a-w_pow.o) (__fdlib_version)
C:\Program Files (x86)\CodeSourcery\Sourcery_CodeBench_Lite_for_ARM_EABI/arm-none-eabi/lib/thumb/libm.a(lib_a-s_matherr.o)
                              C:\Program Files (x86)\CodeSourcery\Sourcery_CodeBench_Lite_for_ARM_EABI/arm-none-eabi/lib/thumb/libm.a(lib_a-w_pow.o) (matherr)
C:\Program Files (x86)\CodeSourcery\Sourcery_CodeBench_Lite_for_ARM_EABI/arm-none-eabi/lib/thumb/libm.a(lib_a-s_nan.o)
                              C:\Program Files (x86)\CodeSourcery\Sourcery_CodeBench_Lite_for_ARM_EABI/arm-none-eabi/lib/thumb/libm.a(lib_a-e_pow.o) (nan)
[...]
Memory Configuration

Name             Origin             Length             Attributes
ROM              0x102c7040         0x0005a000         xr
RAM              0xf03d2000         0x00019000         xrw
*default*        0x00000000         0xffffffff

Linker script and memory map

                0x102c7040                . = 0x102c7040

.initdata       0x102c7040       0x2c
 *(.initdata)
 .initdata      0x102c7040       0x2c libs/gcc/app_start.lib(ql_main.o)
                0x102c7040                GADLENTRY

text            0x102c7070     0x2668
 *(.text)
 .text          0x102c7070       0x4c libs/gcc/app_start.lib(ocpu_init.o)
                0x102c7070                _OCPU_InitUserMem
 *fill*         0x102c70bc        0x4 
 .text          0x102c70c0      0x418 C:\Program Files (x86)\CodeSourcery\Sourcery_CodeBench_Lite_for_ARM_EABI/arm-none-eabi/lib/thumb/libm.a(lib_a-w_pow.o)
                0x102c70c0                pow
 .text          0x102c74d8      0xb20 C:\Program Files (x86)\CodeSourcery\Sourcery_CodeBench_Lite_for_ARM_EABI/arm-none-eabi/lib/thumb/libm.a(lib_a-e_pow.o)
                0x102c74d8                __ieee754_pow
 .text          0x102c7ff8      0x1c4 C:\Program Files (x86)\CodeSourcery\Sourcery_CodeBench_Lite_for_ARM_EABI/arm-none-eabi/lib/thumb/libm.a(lib_a-e_sqrt.o)
                0x102c7ff8                __ieee754_sqrt
 .text          0x102c81bc        0x8 C:\Program Files (x86)\CodeSourcery\Sourcery_CodeBench_Lite_for_ARM_EABI/arm-none-eabi/lib/thumb/libm.a(lib_a-s_fabs.o)
                0x102c81bc                fabs
 .text          0x102c81c4       0x10 C:\Program Files (x86)\CodeSourcery\Sourcery_CodeBench_Lite_for_ARM_EABI/arm-none-eabi/lib/thumb/libm.a(lib_a-s_finite.o)
                0x102c81c4                finite
 .text          0x102c81d4       0x5c C:\Program Files (x86)\CodeSourcery\Sourcery_CodeBench_Lite_for_ARM_EABI/arm-none-eabi/lib/thumb/libm.a(lib_a-s_fpclassify.o)
                0x102c81d4                __fpclassifyd
 .text          0x102c8230        0x4 C:\Program Files (x86)\CodeSourcery\Sourcery_CodeBench_Lite_for_ARM_EABI/arm-none-eabi/lib/thumb/libm.a(lib_a-s_matherr.o)
                0x102c8230                matherr
 *fill*         0x102c8234        0x4 
 .text          0x102c8238       0x10 C:\Program Files (x86)\CodeSourcery\Sourcery_CodeBench_Lite_for_ARM_EABI/arm-none-eabi/lib/thumb/libm.a(lib_a-s_nan.o)
                0x102c8238                nan
 .text          0x102c8248      0x128 C:\Program Files (x86)\CodeSourcery\Sourcery_CodeBench_Lite_for_ARM_EABI/arm-none-eabi/lib/thumb/libm.a(lib_a-s_rint.o)
                0x102c8248                rint
 .text          0x102c8370      0x118 C:\Program Files (x86)\CodeSourcery\Sourcery_CodeBench_Lite_for_ARM_EABI/arm-none-eabi/lib/thumb/libm.a(lib_a-s_scalbn.o)
                0x102c8370                scalbn
 .text          0x102c8488       0x14 C:\Program Files (x86)\CodeSourcery\Sourcery_CodeBench_Lite_for_ARM_EABI/arm-none-eabi/lib/thumb/libm.a(lib_a-s_copysign.o)
                0x102c8488                copysign
 .text          0x102c849c       0x20 C:\Program Files (x86)\CodeSourcery\Sourcery_CodeBench_Lite_for_ARM_EABI/arm-none-eabi/lib/thumb/libc.a(lib_a-atoi.o)
                0x102c849c                atoi
                0x102c84ac                _atoi_r
 .text          0x102c84bc        0xc C:\Program Files (x86)\CodeSourcery\Sourcery_CodeBench_Lite_for_ARM_EABI/arm-none-eabi/lib/thumb/libc.a(lib_a-errno.o)
                0x102c84bc                __errno
 .text          0x102c84c8      0x10c C:\Program Files (x86)\CodeSourcery\Sourcery_CodeBench_Lite_for_ARM_EABI/arm-none-eabi/lib/thumb/libc.a(lib_a-memcpy.o)
                0x102c84c8                memcpy
 .text          0x102c85d4       0x9c C:\Program Files (x86)\CodeSourcery\Sourcery_CodeBench_Lite_for_ARM_EABI/arm-none-eabi/lib/thumb/libc.a(lib_a-memset.o)
                0x102c85d4                memset
 .text          0x102c8670       0x10 C:\Program Files (x86)\CodeSourcery\Sourcery_CodeBench_Lite_for_ARM_EABI/arm-none-eabi/lib/thumb/libc.a(lib_a-strcpy.o)
                0x102c8670                strcpy
 .text          0x102c8680       0x10 C:\Program Files (x86)\CodeSourcery\Sourcery_CodeBench_Lite_for_ARM_EABI/arm-none-eabi/lib/thumb/libc.a(lib_a-strlen.o)
                0x102c8680                strlen
 .text          0x102c8690       0x18 C:\Program Files (x86)\CodeSourcery\Sourcery_CodeBench_Lite_for_ARM_EABI/arm-none-eabi/lib/thumb/libc.a(lib_a-strtok.o)
                0x102c8690                strtok
 .text          0x102c86a8       0x7c C:\Program Files (x86)\CodeSourcery\Sourcery_CodeBench_Lite_for_ARM_EABI/arm-none-eabi/lib/thumb/libc.a(lib_a-strtok_r.o)
                0x102c86a8                __strtok_r
                0x102c8714                strtok_r
 .text          0x102c8724      0x190 C:\Program Files (x86)\CodeSourcery\Sourcery_CodeBench_Lite_for_ARM_EABI/arm-none-eabi/lib/thumb/libc.a(lib_a-strtol.o)
                0x102c8724                _strtol_r
                0x102c8894                strtol
 .text          0x102c88b4      0x11c C:\Program Files (x86)\CodeSourcery\Sourcery_CodeBench_Lite_for_ARM_EABI/lib/gcc/arm-none-eabi/4.7.2/thumb/libgcc.a(_udivsi3.o)
                0x102c88b4                __aeabi_uidiv
                0x102c88b4                __udivsi3
                0x102c89b0                __aeabi_uidivmod
 .text          0x102c89d0      0x150 C:\Program Files (x86)\CodeSourcery\Sourcery_CodeBench_Lite_for_ARM_EABI/lib/gcc/arm-none-eabi/4.7.2/thumb/libgcc.a(_divsi3.o)
                0x102c89d0                __divsi3
                0x102c89d0                __aeabi_idiv
                0x102c8b00                __aeabi_idivmod
 .text          0x102c8b20        0x4 C:\Program Files (x86)\CodeSourcery\Sourcery_CodeBench_Lite_for_ARM_EABI/lib/gcc/arm-none-eabi/4.7.2/thumb/libgcc.a(_dvmd_tls.o)
                0x102c8b20                __aeabi_idiv0
                0x102c8b20                __aeabi_ldiv0
 .text          0x102c8b24      0x41c C:\Program Files (x86)\CodeSourcery\Sourcery_CodeBench_Lite_for_ARM_EABI/lib/gcc/arm-none-eabi/4.7.2/thumb/libgcc.a(_arm_addsubdf3.o)
                0x102c8b24                __aeabi_drsub
                0x102c8b2c                __aeabi_dsub
                0x102c8b2c                __subdf3
                0x102c8b30                __aeabi_dadd
                0x102c8b30                __adddf3
                0x102c8e40                __floatunsidf
                0x102c8e40                __aeabi_ui2d
                0x102c8e64                __floatsidf
                0x102c8e64                __aeabi_i2d
                0x102c8e8c                __aeabi_f2d
                0x102c8e8c                __extendsfdf2
                0x102c8ecc                __floatundidf
                0x102c8ecc                __aeabi_ul2d
                0x102c8ee0                __floatdidf
                0x102c8ee0                __aeabi_l2d
 .text          0x102c8f40      0x49c C:\Program Files (x86)\CodeSourcery\Sourcery_CodeBench_Lite_for_ARM_EABI/lib/gcc/arm-none-eabi/4.7.2/thumb/libgcc.a(_arm_muldivdf3.o)
                0x102c8f40                __aeabi_dmul
                0x102c8f40                __muldf3
                0x102c91d0                __divdf3
                0x102c91d0                __aeabi_ddiv
 .text          0x102c93dc      0x144 C:\Program Files (x86)\CodeSourcery\Sourcery_CodeBench_Lite_for_ARM_EABI/lib/gcc/arm-none-eabi/4.7.2/thumb/libgcc.a(_arm_cmpdf2.o)
                0x102c93dc                __gtdf2
                0x102c93dc                __gedf2
                0x102c93e4                __ltdf2
                0x102c93e4                __ledf2
                0x102c93ec                __nedf2
                0x102c93ec                __eqdf2
                0x102c93ec                __cmpdf2
                0x102c9474                __aeabi_cdrcmple
                0x102c9490                __aeabi_cdcmpeq
                0x102c9490                __aeabi_cdcmple
                0x102c94a8                __aeabi_dcmpeq
                0x102c94c0                __aeabi_dcmplt
                0x102c94d8                __aeabi_dcmple
                0x102c94f0                __aeabi_dcmpge
                0x102c9508                __aeabi_dcmpgt
 .text          0x102c9520       0x5c C:\Program Files (x86)\CodeSourcery\Sourcery_CodeBench_Lite_for_ARM_EABI/lib/gcc/arm-none-eabi/4.7.2/thumb/libgcc.a(_arm_fixdfsi.o)
                0x102c9520                __aeabi_d2iz
                0x102c9520                __fixdfsi
 .text          0x102c957c       0x54 C:\Program Files (x86)\CodeSourcery\Sourcery_CodeBench_Lite_for_ARM_EABI/lib/gcc/arm-none-eabi/4.7.2/thumb/libgcc.a(_arm_fixunsdfsi.o)
                0x102c957c                __aeabi_d2uiz
                0x102c957c                __fixunsdfsi
 .text          0x102c95d0       0xa0 C:\Program Files (x86)\CodeSourcery\Sourcery_CodeBench_Lite_for_ARM_EABI/lib/gcc/arm-none-eabi/4.7.2/thumb/libgcc.a(_arm_truncdfsf2.o)
                0x102c95d0                __truncdfsf2
                0x102c95d0                __aeabi_d2f
 .text.__stub   0x102c9670       0x64 linker stubs

.glue_7         0x102c96d8        0x0
 .glue_7        0x00000000        0x0 linker stubs

.glue_7t        0x102c96d8        0x0
 .glue_7t       0x00000000        0x0 linker stubs

.vfp11_veneer   0x102c96d8        0x0
 .vfp11_veneer  0x00000000        0x0 linker stubs

.v4_bx          0x102c96d8        0x0
 .v4_bx         0x00000000        0x0 linker stubs

.iplt           0x102c96d8        0x0
 .iplt          0x00000000        0x0 build\gcc\obj/custom/config/custom_sys_cfg.o

.text.Ql_RIL_AT_SetErrCode
                0x102c96d8       0x10
 .text.Ql_RIL_AT_SetErrCode
                0x102c96d8       0x10 build\gcc\obj/ril/src/ril_atResponse.o
                0x102c96d8                Ql_RIL_AT_SetErrCode

.text.Default_atRsp_callback
                0x102c96e8       0xcc
 .text.Default_atRsp_callback
                0x102c96e8       0xcc build\gcc\obj/ril/src/ril_atResponse.o
                0x102c96e8                Default_atRsp_callback

.text.BT_DevMngmt_Append
                0x102c97b4       0x34
 .text.BT_DevMngmt_Append
                0x102c97b4       0x34 build\gcc\obj/ril/src/ril_bluetooth.o

.text.BT_DevMngmt_isFull
                0x102c97e8       0x40
 .text.BT_DevMngmt_isFull
                0x102c97e8       0x40 build\gcc\obj/ril/src/ril_bluetooth.o

.text.ATRsp_QBTSTATE_Hdlr
                0x102c9828      0x444
 .text.ATRsp_QBTSTATE_Hdlr
                0x102c9828      0x444 build\gcc\obj/ril/src/ril_bluetooth.o

.text.BT_DevMngmt_UpdateProfileId.constprop.7
                0x102c9c6c       0x38
 .text.BT_DevMngmt_UpdateProfileId.constprop.7
                0x102c9c6c       0x38 build\gcc\obj/ril/src/ril_bluetooth.o

.text.BT_DevMngmt_UpdateConnId.constprop.8
                0x102c9ca4       0x38
 .text.BT_DevMngmt_UpdateConnId.constprop.8
                0x102c9ca4       0x38 build\gcc\obj/ril/src/ril_bluetooth.o

.text.OnURCHandler_BTVisible
                0x102c9cdc       0xe4
 .text.OnURCHandler_BTVisible
                0x102c9cdc       0xe4 build\gcc\obj/ril/src/ril_bluetooth.o
                0x102c9cdc                OnURCHandler_BTVisible

.text.OnURCHandler_BTScan
                0x102c9dc0      0x26c
 .text.OnURCHandler_BTScan
                0x102c9dc0      0x26c build\gcc\obj/ril/src/ril_bluetooth.o
                0x102c9dc0                OnURCHandler_BTScan

.text.RIL_BT_QueryState
                0x102ca02c       0x68
 .text.RIL_BT_QueryState
                0x102ca02c       0x68 build\gcc\obj/ril/src/ril_bluetooth.o
                0x102ca02c                RIL_BT_QueryState

.text.OnURCHandler_BTPair
                0x102ca094      0x208
 .text.OnURCHandler_BTPair
                0x102ca094      0x208 build\gcc\obj/ril/src/ril_bluetooth.o
                0x102ca094                OnURCHandler_BTPair

.text.OnURCHandler_BTPairCnf
                0x102ca29c      0x22c
 .text.OnURCHandler_BTPairCnf
                0x102ca29c      0x22c build\gcc\obj/ril/src/ril_bluetooth.o
                0x102ca29c                OnURCHandler_BTPairCnf

.text.OnURCHandler_BTConn
                0x102ca4c8      0x234
 .text.OnURCHandler_BTConn
                0x102ca4c8      0x234 build\gcc\obj/ril/src/ril_bluetooth.o
                0x102ca4c8                OnURCHandler_BTConn

.text.OnURCHandler_BTConnCnf
                0x102ca6fc      0x2bc
 .text.OnURCHandler_BTConnCnf
                0x102ca6fc      0x2bc build\gcc\obj/ril/src/ril_bluetooth.o
                0x102ca6fc                OnURCHandler_BTConnCnf

.text.OnURCHandler_BTDisconn
                0x102ca9b8      0x1b8
 .text.OnURCHandler_BTDisconn
                0x102ca9b8      0x1b8 build\gcc\obj/ril/src/ril_bluetooth.o
                0x102ca9b8                OnURCHandler_BTDisconn

.text.OnURCHandler_BTIndication
                0x102cab70      0x35c
 .text.OnURCHandler_BTIndication
                0x102cab70      0x35c build\gcc\obj/ril/src/ril_bluetooth.o
                0x102cab70                OnURCHandler_BTIndication

.text.Ql_RIL_RcvDataFrmCore
                0x102caecc       0x20
 .text.Ql_RIL_RcvDataFrmCore
                0x102caecc       0x20 build\gcc\obj/ril/src/ril_custom.o
                0x102caecc                Ql_RIL_RcvDataFrmCore

.text.OnURCHandler_QToneDet
                0x102caeec       0xf4
 .text.OnURCHandler_QToneDet
                0x102caeec       0xf4 build\gcc\obj/ril/src/ril_dtmf.o
                0x102caeec                OnURCHandler_QToneDet

.text.OnURCHandler_QWDTMF
                0x102cafe0       0xa0
 .text.OnURCHandler_QWDTMF
                0x102cafe0       0xa0 build\gcc\obj/ril/src/ril_dtmf.o
                0x102cafe0                OnURCHandler_QWDTMF

.text.RIL_GetInitCmdCnt
                0x102cb080        0x8
 .text.RIL_GetInitCmdCnt
                0x102cb080        0x8 build\gcc\obj/ril/src/ril_init.o
                0x102cb080                RIL_GetInitCmdCnt

.text.RIL_GetLimitedCmdCnt
                0x102cb088        0x8
 .text.RIL_GetLimitedCmdCnt
                0x102cb088        0x8 build\gcc\obj/ril/src/ril_init.o
                0x102cb088                RIL_GetLimitedCmdCnt

.text.RIL_GetLocation
                0x102cb090       0xd4
 .text.RIL_GetLocation
                0x102cb090       0xd4 build\gcc\obj/ril/src/ril_location.o
                0x102cb090                RIL_GetLocation

.text.OnURCHandler_QCELLLocation
                0x102cb164      0x148
 .text.OnURCHandler_QCELLLocation
                0x102cb164      0x148 build\gcc\obj/ril/src/ril_location.o
                0x102cb164                OnURCHandler_QCELLLocation

.text.ATResponse_QMTPUB_handler
                0x102cb2ac       0xb4
 .text.ATResponse_QMTPUB_handler
                0x102cb2ac       0xb4 build\gcc\obj/ril/src/ril_mqtt.o

.text.ATResponse_Handler
                0x102cb360       0x9c
 .text.ATResponse_Handler
                0x102cb360       0x9c build\gcc\obj/ril/src/ril_mqtt.o

.text.RIL_MQTT_QMTCFG_Showrecvlen
                0x102cb3fc       0x88
 .text.RIL_MQTT_QMTCFG_Showrecvlen
                0x102cb3fc       0x88 build\gcc\obj/ril/src/ril_mqtt.o
                0x102cb3fc                RIL_MQTT_QMTCFG_Showrecvlen

.text.RIL_MQTT_QMTCFG_Version_Select
                0x102cb484       0x88
 .text.RIL_MQTT_QMTCFG_Version_Select
                0x102cb484       0x88 build\gcc\obj/ril/src/ril_mqtt.o
                0x102cb484                RIL_MQTT_QMTCFG_Version_Select

.text.RIL_MQTT_QMTOPEN
                0x102cb50c       0x90
 .text.RIL_MQTT_QMTOPEN
                0x102cb50c       0x90 build\gcc\obj/ril/src/ril_mqtt.o
                0x102cb50c                RIL_MQTT_QMTOPEN

.text.RIL_MQTT_QMTCONN
                0x102cb59c       0xc0
 .text.RIL_MQTT_QMTCONN
                0x102cb59c       0xc0 build\gcc\obj/ril/src/ril_mqtt.o
                0x102cb59c                RIL_MQTT_QMTCONN

.text.RIL_MQTT_QMTSUB
                0x102cb65c      0x194
 .text.RIL_MQTT_QMTSUB
                0x102cb65c      0x194 build\gcc\obj/ril/src/ril_mqtt.o
                0x102cb65c                RIL_MQTT_QMTSUB

.text.RIL_MQTT_QMTPUB
                0x102cb7f0      0x108
 .text.RIL_MQTT_QMTPUB
                0x102cb7f0      0x108 build\gcc\obj/ril/src/ril_mqtt.o
                0x102cb7f0                RIL_MQTT_QMTPUB

.text.ATRsp_QIDEACT_Hdlr
                0x102cb8f8       0x54
 .text.ATRsp_QIDEACT_Hdlr
                0x102cb8f8       0x54 build\gcc\obj/ril/src/ril_network.o

.text.ATResponse_CSQ_Handler
                0x102cb94c       0xc8
 .text.ATResponse_CSQ_Handler
                0x102cb94c       0xc8 build\gcc\obj/ril/src/ril_network.o

.text.RIL_NW_GetSignalQuality
                0x102cba14       0x98
 .text.RIL_NW_GetSignalQuality
                0x102cba14       0x98 build\gcc\obj/ril/src/ril_network.o
                0x102cba14                RIL_NW_GetSignalQuality

.text.RIL_NW_SetGPRSContext
                0x102cbaac       0x7c
 .text.RIL_NW_SetGPRSContext
                0x102cbaac       0x7c build\gcc\obj/ril/src/ril_network.o
                0x102cbaac                RIL_NW_SetGPRSContext

.text.RIL_NW_SetAPN
                0x102cbb28      0x10c
 .text.RIL_NW_SetAPN
                0x102cbb28      0x10c build\gcc\obj/ril/src/ril_network.o
                0x102cbb28                RIL_NW_SetAPN

.text.RIL_NW_OpenPDPContext
                0x102cbc34       0xb0
 .text.RIL_NW_OpenPDPContext
                0x102cbc34       0xb0 build\gcc\obj/ril/src/ril_network.o
                0x102cbc34                RIL_NW_OpenPDPContext

.text.RIL_NW_ClosePDPContext
                0x102cbce4       0x70
 .text.RIL_NW_ClosePDPContext
                0x102cbce4       0x70 build\gcc\obj/ril/src/ril_network.o
                0x102cbce4                RIL_NW_ClosePDPContext

.text.OnURCHandler_NTPCMD
                0x102cbd54       0x6c
 .text.OnURCHandler_NTPCMD
                0x102cbd54       0x6c build\gcc\obj/ril/src/ril_ntp.o
                0x102cbd54                OnURCHandler_NTPCMD

.text.RIL_SIM_GetSimStateByName
                0x102cbdc0      0x170
 .text.RIL_SIM_GetSimStateByName
                0x102cbdc0      0x170 build\gcc\obj/ril/src/ril_sim.o
                0x102cbdc0                RIL_SIM_GetSimStateByName

.text.CmdGetStorageInfo
                0x102cbf30       0xe4
 .text.CmdGetStorageInfo
                0x102cbf30       0xe4 build\gcc\obj/ril/src/ril_sms.o

.text.SMS_CMD_GeneralHandler
                0x102cc014      0x4f8
 .text.SMS_CMD_GeneralHandler
                0x102cc014      0x4f8 build\gcc\obj/ril/src/ril_sms.o

.text.CmdSendPDUMsg
                0x102cc50c      0x180
 .text.CmdSendPDUMsg
                0x102cc50c      0x180 build\gcc\obj/ril/src/ril_sms.o

.text.CmdReadPDUMsg
                0x102cc68c      0x130
 .text.CmdReadPDUMsg
                0x102cc68c      0x130 build\gcc\obj/ril/src/ril_sms.o

.text.ConvStringToPhoneNumber
                0x102cc7bc       0xf0
 .text.ConvStringToPhoneNumber
                0x102cc7bc       0xf0 build\gcc\obj/ril/src/ril_sms.o

.text.ConvPhoneNumberToString.constprop.4
                0x102cc8ac       0xc4
 .text.ConvPhoneNumberToString.constprop.4
                0x102cc8ac       0xc4 build\gcc\obj/ril/src/ril_sms.o

.text.RIL_SMS_ReadSMS_Text
                0x102cc970      0x360
 .text.RIL_SMS_ReadSMS_Text
                0x102cc970      0x360 build\gcc\obj/ril/src/ril_sms.o
                0x102cc970                RIL_SMS_ReadSMS_Text

.text.RIL_SMS_SendSMS_Text
                0x102cccd0      0x290
 .text.RIL_SMS_SendSMS_Text
                0x102cccd0      0x290 build\gcc\obj/ril/src/ril_sms.o
                0x102cccd0                RIL_SMS_SendSMS_Text

.text.RIL_SMS_DeleteSMS
                0x102ccf60      0x114
 .text.RIL_SMS_DeleteSMS
                0x102ccf60      0x114 build\gcc\obj/ril/src/ril_sms.o
                0x102ccf60                RIL_SMS_DeleteSMS

.text.QSDK_Get_Str
                0x102cd074       0xd0
 .text.QSDK_Get_Str
                0x102cd074       0xd0 build\gcc\obj/ril/src/ril_system.o
                0x102cd074                QSDK_Get_Str

.text.QSDK_Get_Strlen
                0x102cd144       0x68
 .text.QSDK_Get_Strlen
                0x102cd144       0x68 build\gcc\obj/ril/src/ril_system.o
                0x102cd144                QSDK_Get_Strlen

.text.OnURCHandler_HTTP
                0x102cd1ac       0x6c
 .text.OnURCHandler_HTTP
                0x102cd1ac       0x6c build\gcc\obj/ril/src/ril_urc.o

.text.OnURCHandler_AudPlayInd
                0x102cd218       0x50
 .text.OnURCHandler_AudPlayInd
                0x102cd218       0x50 build\gcc\obj/ril/src/ril_urc.o

.text.OnURCHandler_MQTT_DISC
                0x102cd268      0x124
 .text.OnURCHandler_MQTT_DISC
                0x102cd268      0x124 build\gcc\obj/ril/src/ril_urc.o

.text.OnURCHandler_MQTT_CLOSE
                0x102cd38c      0x124
 .text.OnURCHandler_MQTT_CLOSE
                0x102cd38c      0x124 build\gcc\obj/ril/src/ril_urc.o

.text.OnURCHandler_MQTT_STATE
                0x102cd4b0       0xf8
 .text.OnURCHandler_MQTT_STATE
                0x102cd4b0       0xf8 build\gcc\obj/ril/src/ril_urc.o

.text.OnURCHandler_MQTT_TUNS
                0x102cd5a8      0x124
 .text.OnURCHandler_MQTT_TUNS
                0x102cd5a8      0x124 build\gcc\obj/ril/src/ril_urc.o

.text.OnURCHandler_MQTT_PUB
                0x102cd6cc      0x164
 .text.OnURCHandler_MQTT_PUB
                0x102cd6cc      0x164 build\gcc\obj/ril/src/ril_urc.o

.text.OnURCHandler_MQTT_SUB
                0x102cd830      0x184
 .text.OnURCHandler_MQTT_SUB
                0x102cd830      0x184 build\gcc\obj/ril/src/ril_urc.o

.text.OnURCHandler_MQTT_CONN
                0x102cd9b4      0x138
 .text.OnURCHandler_MQTT_CONN
                0x102cd9b4      0x138 build\gcc\obj/ril/src/ril_urc.o

.text.OnURCHandler_MQTT_OPEN
                0x102cdaec       0xf8
 .text.OnURCHandler_MQTT_OPEN
                0x102cdaec       0xf8 build\gcc\obj/ril/src/ril_urc.o

.text.OnURCHandler_AlarmRing
                0x102cdbe4       0x28
 .text.OnURCHandler_AlarmRing
                0x102cdbe4       0x28 build\gcc\obj/ril/src/ril_urc.o

.text.OnURCHandler_InitStat
                0x102cdc0c       0x68
 .text.OnURCHandler_InitStat
                0x102cdc0c       0x68 build\gcc\obj/ril/src/ril_urc.o

.text.OnURCHandler_FTP
                0x102cdc74      0x178
 .text.OnURCHandler_FTP
                0x102cdc74      0x178 build\gcc\obj/ril/src/ril_urc.o

.text.OnURCHandler_CFUN
                0x102cddec       0xc0
 .text.OnURCHandler_CFUN
                0x102cddec       0xc0 build\gcc\obj/ril/src/ril_urc.o

.text.OnURCHandler_Voltage
                0x102cdeac       0xa4
 .text.OnURCHandler_Voltage
                0x102cdeac       0xa4 build\gcc\obj/ril/src/ril_urc.o

.text.OnURCHandler_Network
                0x102cdf50      0x178
 .text.OnURCHandler_Network
                0x102cdf50      0x178 build\gcc\obj/ril/src/ril_urc.o

.text.OnURCHandler_Call
                0x102ce0c8      0x28c
 .text.OnURCHandler_Call
                0x102ce0c8      0x28c build\gcc\obj/ril/src/ril_urc.o

.text.OnURCHandler_SIM
                0x102ce354      0x100
 .text.OnURCHandler_SIM
                0x102ce354      0x100 build\gcc\obj/ril/src/ril_urc.o

.text.OnURCHandler_SMS
                0x102ce454      0x138
 .text.OnURCHandler_SMS
                0x102ce454      0x138 build\gcc\obj/ril/src/ril_urc.o

.text.OnURCHandler
                0x102ce58c       0xc0
 .text.OnURCHandler
                0x102ce58c       0xc0 build\gcc\obj/ril/src/ril_urc.o
                0x102ce58c                OnURCHandler

.text.Ql_RIL_IsURCStr
                0x102ce64c       0x80
 .text.Ql_RIL_IsURCStr
                0x102ce64c       0x80 build\gcc\obj/ril/src/ril_urc.o
                0x102ce64c                Ql_RIL_IsURCStr

.text.Ql_StrPrefixMatch
                0x102ce6cc       0x48
 .text.Ql_StrPrefixMatch
                0x102ce6cc       0x48 build\gcc\obj/ril/src/ril_util.o
                0x102ce6cc                Ql_StrPrefixMatch

.text.Ql_StrToUpper
                0x102ce714       0x44
 .text.Ql_StrToUpper
                0x102ce714       0x44 build\gcc\obj/ril/src/ril_util.o
                0x102ce714                Ql_StrToUpper

.text.Ql_RIL_FindString
                0x102ce758       0x90
 .text.Ql_RIL_FindString
                0x102ce758       0x90 build\gcc\obj/ril/src/ril_util.o
                0x102ce758                Ql_RIL_FindString

.text.Ql_RIL_FindLine
                0x102ce7e8      0x278
 .text.Ql_RIL_FindLine
                0x102ce7e8      0x278 build\gcc\obj/ril/src/ril_util.o
                0x102ce7e8                Ql_RIL_FindLine

.text.Ql_GenHash
                0x102cea60       0x4c
 .text.Ql_GenHash
                0x102cea60       0x4c build\gcc\obj/ril/src/ril_util.o
                0x102cea60                Ql_GenHash

.text.Callback_Location
                0x102ceaac       0x1c
 .text.Callback_Location
                0x102ceaac       0x1c build\gcc\obj/example/Pooja_Power_V_0.0.3.o

.text.Callback_GPRS_Deactived
                0x102ceac8      0x100
 .text.Callback_GPRS_Deactived
                0x102ceac8      0x100 build\gcc\obj/example/Pooja_Power_V_0.0.3.o

.text.GPRS_TCP_Program
                0x102cebc8      0x7d8
 .text.GPRS_TCP_Program
                0x102cebc8      0x7d8 build\gcc\obj/example/Pooja_Power_V_0.0.3.o

.text.Callback_Socket_Close
                0x102cf3a0      0x170
 .text.Callback_Socket_Close
                0x102cf3a0      0x170 build\gcc\obj/example/Pooja_Power_V_0.0.3.o

.text.Callback_GPRS_Actived
                0x102cf510      0x698
 .text.Callback_GPRS_Actived
                0x102cf510      0x698 build\gcc\obj/example/Pooja_Power_V_0.0.3.o

.text.SOC_CONNECT_TO_SERVER
                0x102cfba8      0x610
 .text.SOC_CONNECT_TO_SERVER
                0x102cfba8      0x610 build\gcc\obj/example/Pooja_Power_V_0.0.3.o

.text.Callback_Socket_Write
                0x102d01b8       0xd4
 .text.Callback_Socket_Write
                0x102d01b8       0xd4 build\gcc\obj/example/Pooja_Power_V_0.0.3.o

.text.Callback_Socket_Connect
                0x102d028c      0x164
 .text.Callback_Socket_Connect
                0x102d028c      0x164 build\gcc\obj/example/Pooja_Power_V_0.0.3.o
                0x102d028c                Callback_Socket_Connect

.text.SET_SUB_TOPIC_DETAILS
                0x102d03f0       0x78
 .text.SET_SUB_TOPIC_DETAILS
                0x102d03f0       0x78 build\gcc\obj/example/Pooja_Power_V_0.0.3.o
                0x102d03f0                SET_SUB_TOPIC_DETAILS

.text.WRITE_DATA_TO_UFS
                0x102d0468      0x2e8
 .text.WRITE_DATA_TO_UFS
                0x102d0468      0x2e8 build\gcc\obj/example/Pooja_Power_V_0.0.3.o
                0x102d0468                WRITE_DATA_TO_UFS

.text.SEND_SMS  0x102d0750      0x148
 .text.SEND_SMS
                0x102d0750      0x148 build\gcc\obj/example/Pooja_Power_V_0.0.3.o
                0x102d0750                SEND_SMS

.text.Hdlr_RecvNewSMS.isra.3
                0x102d0898     0x1d2c
 .text.Hdlr_RecvNewSMS.isra.3
                0x102d0898     0x1d2c build\gcc\obj/example/Pooja_Power_V_0.0.3.o

.text.Callback_UART_Hdlr_Main_Port.part.4
                0x102d25c4     0x1e6c
 .text.Callback_UART_Hdlr_Main_Port.part.4
                0x102d25c4     0x1e6c build\gcc\obj/example/Pooja_Power_V_0.0.3.o

.text.Callback_UART_Hdlr_Main_Port
                0x102d4430       0x70
 .text.Callback_UART_Hdlr_Main_Port
                0x102d4430       0x70 build\gcc\obj/example/Pooja_Power_V_0.0.3.o

.text.SET_MODBUS_PARAMETER
                0x102d44a0      0x498
 .text.SET_MODBUS_PARAMETER
                0x102d44a0      0x498 build\gcc\obj/example/Pooja_Power_V_0.0.3.o
                0x102d44a0                SET_MODBUS_PARAMETER

.text.TIMER_INIITIALIZE
                0x102d4938      0x26c
 .text.TIMER_INIITIALIZE
                0x102d4938      0x26c build\gcc\obj/example/Pooja_Power_V_0.0.3.o
                0x102d4938                TIMER_INIITIALIZE

.text.TIMER_INIITIALIZE_SUBTASK2
                0x102d4ba4      0x180
 .text.TIMER_INIITIALIZE_SUBTASK2
                0x102d4ba4      0x180 build\gcc\obj/example/Pooja_Power_V_0.0.3.o
                0x102d4ba4                TIMER_INIITIALIZE_SUBTASK2

.text.proc_subtask1
                0x102d4d24      0x434
 .text.proc_subtask1
                0x102d4d24      0x434 build\gcc\obj/example/Pooja_Power_V_0.0.3.o
                0x102d4d24                proc_subtask1

.text.SYSTEM_INITIALIZE
                0x102d5158      0x194
 .text.SYSTEM_INITIALIZE
                0x102d5158      0x194 build\gcc\obj/example/Pooja_Power_V_0.0.3.o
                0x102d5158                SYSTEM_INITIALIZE

.text.FOTA_upgrade
                0x102d52ec       0xb4
 .text.FOTA_upgrade
                0x102d52ec       0xb4 build\gcc\obj/example/Pooja_Power_V_0.0.3.o
                0x102d52ec                FOTA_upgrade

.text.COMPARE_TIMESTAMP_FOR_SUB_MSG
                0x102d53a0      0x19c
 .text.COMPARE_TIMESTAMP_FOR_SUB_MSG
                0x102d53a0      0x19c build\gcc\obj/example/Pooja_Power_V_0.0.3.o
                0x102d53a0                COMPARE_TIMESTAMP_FOR_SUB_MSG

.text.DEVICE_PARAMETER_CONFIGURATION
                0x102d553c      0xd24
 .text.DEVICE_PARAMETER_CONFIGURATION
                0x102d553c      0xd24 build\gcc\obj/example/Pooja_Power_V_0.0.3.o
                0x102d553c                DEVICE_PARAMETER_CONFIGURATION

.text.mqtt_recv
                0x102d6260      0x258
 .text.mqtt_recv
                0x102d6260      0x258 build\gcc\obj/example/Pooja_Power_V_0.0.3.o

.text.STORE_TIME_TO_MEMORY
                0x102d64b8      0x15c
 .text.STORE_TIME_TO_MEMORY
                0x102d64b8      0x15c build\gcc\obj/example/Pooja_Power_V_0.0.3.o
                0x102d64b8                STORE_TIME_TO_MEMORY

.text.Sync_NetworkTime
                0x102d6614      0x100
 .text.Sync_NetworkTime
                0x102d6614      0x100 build\gcc\obj/example/Pooja_Power_V_0.0.3.o
                0x102d6614                Sync_NetworkTime

.text.GET_Present_Time
                0x102d6714      0x1d8
 .text.GET_Present_Time
                0x102d6714      0x1d8 build\gcc\obj/example/Pooja_Power_V_0.0.3.o
                0x102d6714                GET_Present_Time

.text.Set_LocalTime
                0x102d68ec      0x354
 .text.Set_LocalTime
                0x102d68ec      0x354 build\gcc\obj/example/Pooja_Power_V_0.0.3.o
                0x102d68ec                Set_LocalTime

.text.ATResponse_Sync_NetworkTime_handler
                0x102d6c40       0x80
 .text.ATResponse_Sync_NetworkTime_handler
                0x102d6c40       0x80 build\gcc\obj/example/Pooja_Power_V_0.0.3.o

.text.PORT_VALUE_CAL
                0x102d6cc0       0x34
 .text.PORT_VALUE_CAL
                0x102d6cc0       0x34 build\gcc\obj/example/Pooja_Power_V_0.0.3.o
                0x102d6cc0                PORT_VALUE_CAL

.text.CONVERT_TIME_BUFFER_TO_SECONDS_VALUE
                0x102d6cf4       0x40
 .text.CONVERT_TIME_BUFFER_TO_SECONDS_VALUE
                0x102d6cf4       0x40 build\gcc\obj/example/Pooja_Power_V_0.0.3.o
                0x102d6cf4                CONVERT_TIME_BUFFER_TO_SECONDS_VALUE

.text.READ_DATA_FROM_UFS
                0x102d6d34     0x224c
 .text.READ_DATA_FROM_UFS
                0x102d6d34     0x224c build\gcc\obj/example/Pooja_Power_V_0.0.3.o
                0x102d6d34                READ_DATA_FROM_UFS

.text.SEPARATE_MODBUS_DATA
                0x102d8f80      0x314
 .text.SEPARATE_MODBUS_DATA
                0x102d8f80      0x314 build\gcc\obj/example/Pooja_Power_V_0.0.3.o
                0x102d8f80                SEPARATE_MODBUS_DATA

.text.Callback_Socket_Read.part.7
                0x102d9294      0x6c8
 .text.Callback_Socket_Read.part.7
                0x102d9294      0x6c8 build\gcc\obj/example/Pooja_Power_V_0.0.3.o

.text.Callback_Socket_Read
                0x102d995c       0xa4
 .text.Callback_Socket_Read
                0x102d995c       0xa4 build\gcc\obj/example/Pooja_Power_V_0.0.3.o

.text.WTD_Init  0x102d9a00       0x88
 .text.WTD_Init
                0x102d9a00       0x88 build\gcc\obj/example/Pooja_Power_V_0.0.3.o
                0x102d9a00                WTD_Init

.text.proc_main_task
                0x102d9a88     0x11ec
 .text.proc_main_task
                0x102d9a88     0x11ec build\gcc\obj/example/Pooja_Power_V_0.0.3.o
                0x102d9a88                proc_main_task

.text.CAPTURE_DATA_FOR_PAYLOAD
                0x102dac74      0x270
 .text.CAPTURE_DATA_FOR_PAYLOAD
                0x102dac74      0x270 build\gcc\obj/example/Pooja_Power_V_0.0.3.o
                0x102dac74                CAPTURE_DATA_FOR_PAYLOAD

.text.PAYLOAD_FORMATION_FOR_SENDING
                0x102daee4      0x20c
 .text.PAYLOAD_FORMATION_FOR_SENDING
                0x102daee4      0x20c build\gcc\obj/example/Pooja_Power_V_0.0.3.o
                0x102daee4                PAYLOAD_FORMATION_FOR_SENDING

.text.SendEvent2SubTask
                0x102db0f0       0xb0
 .text.SendEvent2SubTask
                0x102db0f0       0xb0 build\gcc\obj/example/Pooja_Power_V_0.0.3.o
                0x102db0f0                SendEvent2SubTask

.text.DECIMAL_TO_HEX
                0x102db1a0       0x14
 .text.DECIMAL_TO_HEX
                0x102db1a0       0x14 build\gcc\obj/example/Pooja_Power_V_0.0.3.o
                0x102db1a0                DECIMAL_TO_HEX

.text.CALCULATE_CRC
                0x102db1b4      0x1e8
 .text.CALCULATE_CRC
                0x102db1b4      0x1e8 build\gcc\obj/example/Pooja_Power_V_0.0.3.o
                0x102db1b4                CALCULATE_CRC

.text.MODBUS_WRITE_QUERIES
                0x102db39c      0x244
 .text.MODBUS_WRITE_QUERIES
                0x102db39c      0x244 build\gcc\obj/example/Pooja_Power_V_0.0.3.o
                0x102db39c                MODBUS_WRITE_QUERIES

.text.TIMER_HANDLER
                0x102db5e0      0x9dc
 .text.TIMER_HANDLER
                0x102db5e0      0x9dc build\gcc\obj/example/Pooja_Power_V_0.0.3.o

.text.CREATE_AND_SEND_MODBUS_DATA
                0x102dbfbc      0x19c
 .text.CREATE_AND_SEND_MODBUS_DATA
                0x102dbfbc      0x19c build\gcc\obj/example/Pooja_Power_V_0.0.3.o
                0x102dbfbc                CREATE_AND_SEND_MODBUS_DATA

.text.MODBUS_READ_QURIES
                0x102dc158      0x298
 .text.MODBUS_READ_QURIES
                0x102dc158      0x298 build\gcc\obj/example/Pooja_Power_V_0.0.3.o
                0x102dc158                MODBUS_READ_QURIES

.text.TIMER_HANDLER_SUBTASK1
                0x102dc3f0      0x548
 .text.TIMER_HANDLER_SUBTASK1
                0x102dc3f0      0x548 build\gcc\obj/example/Pooja_Power_V_0.0.3.o

.text.MODBUS_RESPONSE_CHECK
                0x102dc938      0x73c
 .text.MODBUS_RESPONSE_CHECK
                0x102dc938      0x73c build\gcc\obj/example/Pooja_Power_V_0.0.3.o
                0x102dc938                MODBUS_RESPONSE_CHECK

.text.Callback_UART_Hdlr_Modbus_Port
                0x102dd074      0x158
 .text.Callback_UART_Hdlr_Modbus_Port
                0x102dd074      0x158 build\gcc\obj/example/Pooja_Power_V_0.0.3.o

.text.Ql_FS_Open
                0x102dd1cc       0x68
 .text.Ql_FS_Open
                0x102dd1cc       0x68 libs/gcc/app_start.lib(fileSys.o)
                0x102dd1cc                Ql_FS_Open

.text.Ql_FS_Read
                0x102dd234       0x78
 .text.Ql_FS_Read
                0x102dd234       0x78 libs/gcc/app_start.lib(fileSys.o)
                0x102dd234                Ql_FS_Read

.text.Ql_FS_Write
                0x102dd2ac       0x78
 .text.Ql_FS_Write
                0x102dd2ac       0x78 libs/gcc/app_start.lib(fileSys.o)
                0x102dd2ac                Ql_FS_Write

.text.Ql_FS_Seek
                0x102dd324       0x70
 .text.Ql_FS_Seek
                0x102dd324       0x70 libs/gcc/app_start.lib(fileSys.o)
                0x102dd324                Ql_FS_Seek

.text.Ql_FS_GetFilePosition
                0x102dd394       0x60
 .text.Ql_FS_GetFilePosition
                0x102dd394       0x60 libs/gcc/app_start.lib(fileSys.o)
                0x102dd394                Ql_FS_GetFilePosition

.text.Ql_FS_Truncate
                0x102dd3f4       0x60
 .text.Ql_FS_Truncate
                0x102dd3f4       0x60 libs/gcc/app_start.lib(fileSys.o)
                0x102dd3f4                Ql_FS_Truncate

.text.Ql_FS_Flush
                0x102dd454       0x54
 .text.Ql_FS_Flush
                0x102dd454       0x54 libs/gcc/app_start.lib(fileSys.o)
                0x102dd454                Ql_FS_Flush

.text.Ql_FS_Close
                0x102dd4a8       0x54
 .text.Ql_FS_Close
                0x102dd4a8       0x54 libs/gcc/app_start.lib(fileSys.o)
                0x102dd4a8                Ql_FS_Close

.text.Ql_FS_Check
                0x102dd4fc       0x60
 .text.Ql_FS_Check
                0x102dd4fc       0x60 libs/gcc/app_start.lib(fileSys.o)
                0x102dd4fc                Ql_FS_Check

.text.Ql_FS_CreateDir
                0x102dd55c       0x60
 .text.Ql_FS_CreateDir
                0x102dd55c       0x60 libs/gcc/app_start.lib(fileSys.o)
                0x102dd55c                Ql_FS_CreateDir

.text.Ql_FS_CheckDir
                0x102dd5bc       0x60
 .text.Ql_FS_CheckDir
                0x102dd5bc       0x60 libs/gcc/app_start.lib(fileSys.o)
                0x102dd5bc                Ql_FS_CheckDir

.text.Ql_FS_GetFreeSpace
                0x102dd61c       0x74
 .text.Ql_FS_GetFreeSpace
                0x102dd61c       0x74 libs/gcc/app_start.lib(fileSys.o)
                0x102dd61c                Ql_FS_GetFreeSpace

.text.Ql_FS_GetTotalSpace
                0x102dd690       0x74
 .text.Ql_FS_GetTotalSpace
                0x102dd690       0x74 libs/gcc/app_start.lib(fileSys.o)
                0x102dd690                Ql_FS_GetTotalSpace

.text.Ql_GPRS_GetPDPCntxtState
                0x102dd704       0x60
 .text.Ql_GPRS_GetPDPCntxtState
                0x102dd704       0x60 libs/gcc/app_start.lib(gprs.o)
                0x102dd704                Ql_GPRS_GetPDPCntxtState

.text.Ql_GPRS_GetPDPContextId
                0x102dd764       0x60
 .text.Ql_GPRS_GetPDPContextId
                0x102dd764       0x60 libs/gcc/app_start.lib(gprs.o)
                0x102dd764                Ql_GPRS_GetPDPContextId

.text.Ql_GPRS_Config
                0x102dd7c4       0x68
 .text.Ql_GPRS_Config
                0x102dd7c4       0x68 libs/gcc/app_start.lib(gprs.o)
                0x102dd7c4                Ql_GPRS_Config

.text.Ql_GPRS_Register
                0x102dd82c       0x70
 .text.Ql_GPRS_Register
                0x102dd82c       0x70 libs/gcc/app_start.lib(gprs.o)
                0x102dd82c                Ql_GPRS_Register

.text.Ql_GPRS_Activate
                0x102dd89c       0x60
 .text.Ql_GPRS_Activate
                0x102dd89c       0x60 libs/gcc/app_start.lib(gprs.o)
                0x102dd89c                Ql_GPRS_Activate

.text.Ql_GPRS_Deactivate
                0x102dd8fc       0x60
 .text.Ql_GPRS_Deactivate
                0x102dd8fc       0x60 libs/gcc/app_start.lib(gprs.o)
                0x102dd8fc                Ql_GPRS_Deactivate

.text.Ql_GPRS_DeactivateEx
                0x102dd95c       0x68
 .text.Ql_GPRS_DeactivateEx
                0x102dd95c       0x68 libs/gcc/app_start.lib(gprs.o)
                0x102dd95c                Ql_GPRS_DeactivateEx

.text.EncodeAddress
                0x102dd9c4      0x228
 .text.EncodeAddress
                0x102dd9c4      0x228 libs/gcc/app_start.lib(lib_ril_sms.o)

.text.DecodeUserDataHeader
                0x102ddbec       0xb8
 .text.DecodeUserDataHeader
                0x102ddbec       0xb8 libs/gcc/app_start.lib(lib_ril_sms.o)

.text.EncodeGSM7Bit.part.2
                0x102ddca4       0xd4
 .text.EncodeGSM7Bit.part.2
                0x102ddca4       0xd4 libs/gcc/app_start.lib(lib_ril_sms.o)

.text.DecodeGSM7Bit
                0x102ddd78      0x148
 .text.DecodeGSM7Bit
                0x102ddd78      0x148 libs/gcc/app_start.lib(lib_ril_sms.o)

.text.DecodeAddress
                0x102ddec0      0x218
 .text.DecodeAddress
                0x102ddec0      0x218 libs/gcc/app_start.lib(lib_ril_sms.o)

.text.DecordUserDataBody.part.5
                0x102de0d8      0x180
 .text.DecordUserDataBody.part.5
                0x102de0d8      0x180 libs/gcc/app_start.lib(lib_ril_sms.o)

.text.DecodeTimeStamp.constprop.8
                0x102de258       0xfc
 .text.DecodeTimeStamp.constprop.8
                0x102de258       0xfc libs/gcc/app_start.lib(lib_ril_sms.o)

.text.LIB_SMS_IsValidHexStr
                0x102de354       0x54
 .text.LIB_SMS_IsValidHexStr
                0x102de354       0x54 libs/gcc/app_start.lib(lib_ril_sms.o)
                0x102de354                LIB_SMS_IsValidHexStr

.text.LIB_SMS_ConvHexOctToHexStr
                0x102de3a8       0xa8
 .text.LIB_SMS_ConvHexOctToHexStr
                0x102de3a8       0xa8 libs/gcc/app_start.lib(lib_ril_sms.o)
                0x102de3a8                LIB_SMS_ConvHexOctToHexStr

.text.LIB_SMS_ConvHexStrToHexOct
                0x102de450       0xe8
 .text.LIB_SMS_ConvHexStrToHexOct
                0x102de450       0xe8 libs/gcc/app_start.lib(lib_ril_sms.o)
                0x102de450                LIB_SMS_ConvHexStrToHexOct

.text.LIB_SMS_DecodeDCS
                0x102de538      0x164
 .text.LIB_SMS_DecodeDCS
                0x102de538      0x164 libs/gcc/app_start.lib(lib_ril_sms.o)
                0x102de538                LIB_SMS_DecodeDCS

.text.LIB_SMS_ConvAlphaToCharSet
                0x102de69c      0x43c
 .text.LIB_SMS_ConvAlphaToCharSet
                0x102de69c      0x43c libs/gcc/app_start.lib(lib_ril_sms.o)
                0x102de69c                LIB_SMS_ConvAlphaToCharSet

.text.LIB_SMS_ConvCharSetToAlpha
                0x102dead8      0x7b4
 .text.LIB_SMS_ConvCharSetToAlpha
                0x102dead8      0x7b4 libs/gcc/app_start.lib(lib_ril_sms.o)
                0x102dead8                LIB_SMS_ConvCharSetToAlpha

.text.LIB_SMS_DecodePDUStr
                0x102df28c      0x500
 .text.LIB_SMS_DecodePDUStr
                0x102df28c      0x500 libs/gcc/app_start.lib(lib_ril_sms.o)
                0x102df28c                LIB_SMS_DecodePDUStr

.text.LIB_SMS_EncodeSubmitPDU
                0x102df78c      0x730
 .text.LIB_SMS_EncodeSubmitPDU
                0x102df78c      0x730 libs/gcc/app_start.lib(lib_ril_sms.o)
                0x102df78c                LIB_SMS_EncodeSubmitPDU

.text.Ql_MEM_Alloc
                0x102dfebc       0x78
 .text.Ql_MEM_Alloc
                0x102dfebc       0x78 libs/gcc/app_start.lib(memory.o)
                0x102dfebc                Ql_MEM_Alloc

.text.Ql_MEM_Free
                0x102dff34       0x74
 .text.Ql_MEM_Free
                0x102dff34       0x74 libs/gcc/app_start.lib(memory.o)
                0x102dff34                Ql_MEM_Free

.text.ql_InitVFunc
                0x102dffa8       0xd8
 .text.ql_InitVFunc
                0x102dffa8       0xd8 libs/gcc/app_start.lib(ql_main.o)
                0x102dffa8                ql_InitVFunc

.text.ocpu_main
                0x102e0080       0xf0
 .text.ocpu_main
                0x102e0080       0xf0 libs/gcc/app_start.lib(ql_main.o)
                0x102e0080                ocpu_main

.text.proc_reserved2
                0x102e0170       0x70
 .text.proc_reserved2
                0x102e0170       0x70 libs/gcc/app_start.lib(ril_aux.o)
                0x102e0170                proc_reserved2

.text.ril_StopATTimer
                0x102e01e0       0x34
 .text.ril_StopATTimer
                0x102e01e0       0x34 libs/gcc/app_start.lib(ril_main.o)

.text.Callback_OnATTimer
                0x102e0214       0x4c
 .text.Callback_OnATTimer
                0x102e0214       0x4c libs/gcc/app_start.lib(ril_main.o)

.text.CallBack_SerialPort_Hdlr
                0x102e0260      0x438
 .text.CallBack_SerialPort_Hdlr
                0x102e0260      0x438 libs/gcc/app_start.lib(ril_main.o)

.text.proc_reserved1
                0x102e0698      0x200
 .text.proc_reserved1
                0x102e0698      0x200 libs/gcc/app_start.lib(ril_main.o)
                0x102e0698                proc_reserved1

.text.Ql_RIL_Initialize
                0x102e0898       0xd4
 .text.Ql_RIL_Initialize
                0x102e0898       0xd4 libs/gcc/app_start.lib(ril_main.o)
                0x102e0898                Ql_RIL_Initialize

.text.Ql_RIL_SendATCmd
                0x102e096c      0x260
 .text.Ql_RIL_SendATCmd
                0x102e096c      0x260 libs/gcc/app_start.lib(ril_main.o)
                0x102e096c                Ql_RIL_SendATCmd

.text.Ql_RIL_WriteDataToCore
                0x102e0bcc       0x24
 .text.Ql_RIL_WriteDataToCore
                0x102e0bcc       0x24 libs/gcc/app_start.lib(ril_main.o)
                0x102e0bcc                Ql_RIL_WriteDataToCore

.text.Ql_Mqtt_Recv_Register
                0x102e0bf0       0x1c
 .text.Ql_Mqtt_Recv_Register
                0x102e0bf0       0x1c libs/gcc/app_start.lib(ril_main.o)
                0x102e0bf0                Ql_Mqtt_Recv_Register

.text.Ql_SOC_Register
                0x102e0c0c       0x84
 .text.Ql_SOC_Register
                0x102e0c0c       0x84 libs/gcc/app_start.lib(socket.o)
                0x102e0c0c                Ql_SOC_Register

.text.Ql_SOC_Create
                0x102e0c90       0x64
 .text.Ql_SOC_Create
                0x102e0c90       0x64 libs/gcc/app_start.lib(socket.o)
                0x102e0c90                Ql_SOC_Create

.text.Ql_SOC_Close
                0x102e0cf4       0x60
 .text.Ql_SOC_Close
                0x102e0cf4       0x60 libs/gcc/app_start.lib(socket.o)
                0x102e0cf4                Ql_SOC_Close

.text.Ql_SOC_Connect
                0x102e0d54       0x70
 .text.Ql_SOC_Connect
                0x102e0d54       0x70 libs/gcc/app_start.lib(socket.o)
                0x102e0d54                Ql_SOC_Connect

.text.Ql_SOC_Send
                0x102e0dc4       0x70
 .text.Ql_SOC_Send
                0x102e0dc4       0x70 libs/gcc/app_start.lib(socket.o)
                0x102e0dc4                Ql_SOC_Send

.text.Ql_SOC_Recv
                0x102e0e34       0x70
 .text.Ql_SOC_Recv
                0x102e0e34       0x70 libs/gcc/app_start.lib(socket.o)
                0x102e0e34                Ql_SOC_Recv

.text.Ql_IpHelper_ConvertIpAddr
                0x102e0ea4       0x68
 .text.Ql_IpHelper_ConvertIpAddr
                0x102e0ea4       0x68 libs/gcc/app_start.lib(socket.o)
                0x102e0ea4                Ql_IpHelper_ConvertIpAddr

.text.Ql_atof   0x102e0f0c       0x98
 .text.Ql_atof  0x102e0f0c       0x98 libs/gcc/app_start.lib(stdlib_func.o)
                0x102e0f0c                Ql_atof

.text.Ql_strcpy
                0x102e0fa4       0xa0
 .text.Ql_strcpy
                0x102e0fa4       0xa0 libs/gcc/app_start.lib(stdlib_func.o)
                0x102e0fa4                Ql_strcpy

.text.Ql_strncpy
                0x102e1044       0x88
 .text.Ql_strncpy
                0x102e1044       0x88 libs/gcc/app_start.lib(stdlib_func.o)
                0x102e1044                Ql_strncpy

.text.Ql_strncat
                0x102e10cc       0x88
 .text.Ql_strncat
                0x102e10cc       0x88 libs/gcc/app_start.lib(stdlib_func.o)
                0x102e10cc                Ql_strncat

.text.Ql_strlen
                0x102e1154       0x78
 .text.Ql_strlen
                0x102e1154       0x78 libs/gcc/app_start.lib(stdlib_func.o)
                0x102e1154                Ql_strlen

.text.Ql_strcmp
                0x102e11cc       0x68
 .text.Ql_strcmp
                0x102e11cc       0x68 libs/gcc/app_start.lib(stdlib_func.o)
                0x102e11cc                Ql_strcmp

.text.Ql_strncmp
                0x102e1234       0x70
 .text.Ql_strncmp
                0x102e1234       0x70 libs/gcc/app_start.lib(stdlib_func.o)
                0x102e1234                Ql_strncmp

.text.Ql_memset
                0x102e12a4       0x88
 .text.Ql_memset
                0x102e12a4       0x88 libs/gcc/app_start.lib(stdlib_func.o)
                0x102e12a4                Ql_memset

.text.Ql_memcpy
                0x102e132c       0x88
 .text.Ql_memcpy
                0x102e132c       0x88 libs/gcc/app_start.lib(stdlib_func.o)
                0x102e132c                Ql_memcpy

.text.Ql_strstr
                0x102e13b4       0x80
 .text.Ql_strstr
                0x102e13b4       0x80 libs/gcc/app_start.lib(stdlib_func.o)
                0x102e13b4                Ql_strstr

.text.Ql_toupper
                0x102e1434        0x8
 .text.Ql_toupper
                0x102e1434        0x8 libs/gcc/app_start.lib(stdlib_func.o)
                0x102e1434                Ql_toupper

.text.Ql_atoi   0x102e143c       0x84
 .text.Ql_atoi  0x102e143c       0x84 libs/gcc/app_start.lib(stdlib_func.o)
                0x102e143c                Ql_atoi

.text.Ql_Sleep  0x102e14c0       0x74
 .text.Ql_Sleep
                0x102e14c0       0x74 libs/gcc/app_start.lib(system.o)
                0x102e14c0                Ql_Sleep

.text.Ql_Reset  0x102e1534       0x74
 .text.Ql_Reset
                0x102e1534       0x74 libs/gcc/app_start.lib(system.o)
                0x102e1534                Ql_Reset

.text.Ql_GetSDKVer
                0x102e15a8       0x64
 .text.Ql_GetSDKVer
                0x102e15a8       0x64 libs/gcc/app_start.lib(system.o)
                0x102e15a8                Ql_GetSDKVer

.text.Ql_OS_GetMessage
                0x102e160c       0x60
 .text.Ql_OS_GetMessage
                0x102e160c       0x60 libs/gcc/app_start.lib(taskMngt.o)
                0x102e160c                Ql_OS_GetMessage

.text.Ql_OS_SendMessage
                0x102e166c       0x78
 .text.Ql_OS_SendMessage
                0x102e166c       0x78 libs/gcc/app_start.lib(taskMngt.o)
                0x102e166c                Ql_OS_SendMessage

.text.Ql_OS_CreateMutex
                0x102e16e4       0x54
 .text.Ql_OS_CreateMutex
                0x102e16e4       0x54 libs/gcc/app_start.lib(taskMngt.o)
                0x102e16e4                Ql_OS_CreateMutex

.text.Ql_OS_TakeMutex
                0x102e1738       0x54
 .text.Ql_OS_TakeMutex
                0x102e1738       0x54 libs/gcc/app_start.lib(taskMngt.o)
                0x102e1738                Ql_OS_TakeMutex

.text.Ql_OS_GiveMutex
                0x102e178c       0x54
 .text.Ql_OS_GiveMutex
                0x102e178c       0x54 libs/gcc/app_start.lib(taskMngt.o)
                0x102e178c                Ql_OS_GiveMutex

.text.Ql_OS_CreateEvent
                0x102e17e0       0x54
 .text.Ql_OS_CreateEvent
                0x102e17e0       0x54 libs/gcc/app_start.lib(taskMngt.o)
                0x102e17e0                Ql_OS_CreateEvent

.text.Ql_OS_WaitEvent
                0x102e1834       0x68
 .text.Ql_OS_WaitEvent
                0x102e1834       0x68 libs/gcc/app_start.lib(taskMngt.o)
                0x102e1834                Ql_OS_WaitEvent

.text.Ql_OS_SetEvent
                0x102e189c       0x68
 .text.Ql_OS_SetEvent
                0x102e189c       0x68 libs/gcc/app_start.lib(taskMngt.o)
                0x102e189c                Ql_OS_SetEvent

.text.Ql_SetLocalTime
                0x102e1904       0x60
 .text.Ql_SetLocalTime
                0x102e1904       0x60 libs/gcc/app_start.lib(time.o)
                0x102e1904                Ql_SetLocalTime

.text.Ql_GetLocalTime
                0x102e1964       0x54
 .text.Ql_GetLocalTime
                0x102e1964       0x54 libs/gcc/app_start.lib(time.o)
                0x102e1964                Ql_GetLocalTime

.text.Ql_Mktime
                0x102e19b8       0x70
 .text.Ql_Mktime
                0x102e19b8       0x70 libs/gcc/app_start.lib(time.o)
                0x102e19b8                Ql_Mktime

.text.Ql_MKTime2CalendarTime
                0x102e1a28       0x64
 .text.Ql_MKTime2CalendarTime
                0x102e1a28       0x64 libs/gcc/app_start.lib(time.o)
                0x102e1a28                Ql_MKTime2CalendarTime

.text.Ql_Timer_Register
                0x102e1a8c       0x70
 .text.Ql_Timer_Register
                0x102e1a8c       0x70 libs/gcc/app_start.lib(timer.o)
                0x102e1a8c                Ql_Timer_Register

.text.Ql_Timer_Start
                0x102e1afc       0x70
 .text.Ql_Timer_Start
                0x102e1afc       0x70 libs/gcc/app_start.lib(timer.o)
                0x102e1afc                Ql_Timer_Start

.text.Ql_Timer_Stop
                0x102e1b6c       0x60
 .text.Ql_Timer_Stop
                0x102e1b6c       0x60 libs/gcc/app_start.lib(timer.o)
                0x102e1b6c                Ql_Timer_Stop

.text.Ql_UART_Register
                0x102e1bcc       0x70
 .text.Ql_UART_Register
                0x102e1bcc       0x70 libs/gcc/app_start.lib(uart.o)
                0x102e1bcc                Ql_UART_Register

.text.Ql_UART_Open
                0x102e1c3c       0x70
 .text.Ql_UART_Open
                0x102e1c3c       0x70 libs/gcc/app_start.lib(uart.o)
                0x102e1c3c                Ql_UART_Open

.text.Ql_UART_OpenEx
                0x102e1cac       0x68
 .text.Ql_UART_OpenEx
                0x102e1cac       0x68 libs/gcc/app_start.lib(uart.o)
                0x102e1cac                Ql_UART_OpenEx

.text.Ql_UART_Write
                0x102e1d14       0x70
 .text.Ql_UART_Write
                0x102e1d14       0x70 libs/gcc/app_start.lib(uart.o)
                0x102e1d14                Ql_UART_Write

.text.Ql_UART_Read
                0x102e1d84       0x70
 .text.Ql_UART_Read
                0x102e1d84       0x70 libs/gcc/app_start.lib(uart.o)
                0x102e1d84                Ql_UART_Read

.text.Ql_UART_ClrRxBuffer
                0x102e1df4       0x54
 .text.Ql_UART_ClrRxBuffer
                0x102e1df4       0x54 libs/gcc/app_start.lib(uart.o)
                0x102e1df4                Ql_UART_ClrRxBuffer

.text.Ql_UART_GetPinStatus
                0x102e1e48       0x68
 .text.Ql_UART_GetPinStatus
                0x102e1e48       0x68 libs/gcc/app_start.lib(uart.o)
                0x102e1e48                Ql_UART_GetPinStatus

.text.Ql_UART_SendEscap
                0x102e1eb0       0x60
 .text.Ql_UART_SendEscap
                0x102e1eb0       0x60 libs/gcc/app_start.lib(uart.o)
                0x102e1eb0                Ql_UART_SendEscap

.text.Ql_UART_Close
                0x102e1f10       0x54
 .text.Ql_UART_Close
                0x102e1f10       0x54 libs/gcc/app_start.lib(uart.o)
                0x102e1f10                Ql_UART_Close

.text.OCPU_WTD_ChangeGPIOLevel
                0x102e1f64       0x38
 .text.OCPU_WTD_ChangeGPIOLevel
                0x102e1f64       0x38 libs/gcc/app_start.lib(watchdog.o)
                0x102e1f64                OCPU_WTD_ChangeGPIOLevel

.text.Ql_WTD_Calback
                0x102e1f9c       0xc4
 .text.Ql_WTD_Calback
                0x102e1f9c       0xc4 libs/gcc/app_start.lib(watchdog.o)

.text.Ql_WTD_Init
                0x102e2060      0x100
 .text.Ql_WTD_Init
                0x102e2060      0x100 libs/gcc/app_start.lib(watchdog.o)
                0x102e2060                Ql_WTD_Init

.text.Ql_WTD_Start
                0x102e2160       0xb4
 .text.Ql_WTD_Start
                0x102e2160       0xb4 libs/gcc/app_start.lib(watchdog.o)
                0x102e2160                Ql_WTD_Start

.text.Ql_WTD_Feed
                0x102e2214       0x5c
 .text.Ql_WTD_Feed
                0x102e2214       0x5c libs/gcc/app_start.lib(watchdog.o)
                0x102e2214                Ql_WTD_Feed

.text.Ql_GPIO_Init
                0x102e2270       0x78
 .text.Ql_GPIO_Init
                0x102e2270       0x78 libs/gcc/app_start.lib(gpio.o)
                0x102e2270                Ql_GPIO_Init

.text.Ql_GPIO_SetLevel
                0x102e22e8       0x68
 .text.Ql_GPIO_SetLevel
                0x102e22e8       0x68 libs/gcc/app_start.lib(gpio.o)
                0x102e22e8                Ql_GPIO_SetLevel

.rodata         0x102e2350     0x16c4
 *(.rodata)
 .rodata        0x102e2350       0x54 build\gcc\obj/custom/config/custom_sys_cfg.o
                0x102e2354                SystemCfg
 .rodata        0x102e23a4       0x68 build\gcc\obj/custom/config/sys_config.o
                0x102e23a4                GpioConfigTbl
                0x102e23a8                TaskConfig
 .rodata        0x102e240c      0x100 build\gcc\obj/ril/src/ril_bluetooth.o
 .rodata        0x102e250c       0x1a build\gcc\obj/ril/src/ril_dtmf.o
 .rodata        0x102e2526        0xe build\gcc\obj/ril/src/ril_location.o
 .rodata        0x102e2534       0x5d build\gcc\obj/ril/src/ril_network.o
 .rodata        0x102e2591        0xa build\gcc\obj/ril/src/ril_ntp.o
 *fill*         0x102e259b        0x1 
 .rodata        0x102e259c      0xa48 build\gcc\obj/ril/src/ril_urc.o
 .rodata        0x102e2fe4      0x4f8 build\gcc\obj/example/Pooja_Power_V_0.0.3.o
 .rodata        0x102e34dc      0x3bc libs/gcc/app_start.lib(lib_ril_sms.o)
 .rodata        0x102e3898       0x16 libs/gcc/app_start.lib(ql_main.o)
 .rodata        0x102e38ae        0x4 libs/gcc/app_start.lib(ril_main.o)
 .rodata        0x102e38b2       0x1b libs/gcc/app_start.lib(system.o)
 *fill*         0x102e38cd        0x3 
 .rodata        0x102e38d0       0x30 C:\Program Files (x86)\CodeSourcery\Sourcery_CodeBench_Lite_for_ARM_EABI/arm-none-eabi/lib/thumb/libm.a(lib_a-e_pow.o)
 .rodata        0x102e3900       0x10 C:\Program Files (x86)\CodeSourcery\Sourcery_CodeBench_Lite_for_ARM_EABI/arm-none-eabi/lib/thumb/libm.a(lib_a-s_rint.o)
 .rodata        0x102e3910      0x104 C:\Program Files (x86)\CodeSourcery\Sourcery_CodeBench_Lite_for_ARM_EABI/arm-none-eabi/lib/thumb/libc.a(lib_a-ctype_.o)
                0x102e3910                _ctype_

.rodata.str1.1  0x102e3a14     0x4eda
 .rodata.str1.1
                0x102e3a14       0x25 build\gcc\obj/ril/src/ril_atResponse.o
                                 0x2e (size before relaxing)
 .rodata.str1.1
                0x102e3a39      0x3e8 build\gcc\obj/ril/src/ril_bluetooth.o
                                0x4e3 (size before relaxing)
 .rodata.str1.1
                0x102e3e21       0xb7 build\gcc\obj/ril/src/ril_dtmf.o
                                 0xcc (size before relaxing)
 .rodata.str1.1
                0x102e3ed8       0x52 build\gcc\obj/ril/src/ril_init.o
 .rodata.str1.1
                0x102e3f2a       0x88 build\gcc\obj/ril/src/ril_location.o
                                 0xca (size before relaxing)
 .rodata.str1.1
                0x102e3fb2      0x128 build\gcc\obj/ril/src/ril_mqtt.o
                                0x15b (size before relaxing)
 .rodata.str1.1
                0x102e40da       0xf8 build\gcc\obj/ril/src/ril_network.o
                                0x112 (size before relaxing)
 .rodata.str1.1
                0x102e41d2       0x79 build\gcc\obj/ril/src/ril_sim.o
                                 0xaf (size before relaxing)
 .rodata.str1.1
                0x102e424b       0x9c build\gcc\obj/ril/src/ril_sms.o
                                 0xcb (size before relaxing)
 .rodata.str1.1
                0x102e42e7      0x1b2 build\gcc\obj/ril/src/ril_urc.o
                                0x1b9 (size before relaxing)
 .rodata.str1.1
                0x102e4499       0x11 build\gcc\obj/ril/src/ril_util.o
                                 0x16 (size before relaxing)
 .rodata.str1.1
                0x102e44aa     0x3b70 build\gcc\obj/example/Pooja_Power_V_0.0.3.o
                               0x3bc5 (size before relaxing)
 .rodata.str1.1
                0x102e801a      0x15c libs/gcc/app_start.lib(fileSys.o)
 .rodata.str1.1
                0x102e8176       0xcb libs/gcc/app_start.lib(gprs.o)
 .rodata.str1.1
                0x102e8241       0x19 libs/gcc/app_start.lib(memory.o)
 .rodata.str1.1
                0x102e825a       0x51 libs/gcc/app_start.lib(ql_main.o)
                                 0x56 (size before relaxing)
 .rodata.str1.1
                0x102e82ab       0x29 libs/gcc/app_start.lib(ril_main.o)
                                 0x32 (size before relaxing)
 .rodata.str1.1
                0x102e82d4      0x151 libs/gcc/app_start.lib(socket.o)
 .rodata.str1.1
                0x102e8425       0xe8 libs/gcc/app_start.lib(stdlib_func.o)
 .rodata.str1.1
                0x102e850d       0x3d libs/gcc/app_start.lib(system.o)
 .rodata.str1.1
                0x102e854a      0x157 libs/gcc/app_start.lib(taskMngt.o)
 .rodata.str1.1
                0x102e86a1       0x41 libs/gcc/app_start.lib(time.o)
 .rodata.str1.1
                0x102e86e2       0x45 libs/gcc/app_start.lib(timer.o)
 .rodata.str1.1
                0x102e8727      0x108 libs/gcc/app_start.lib(uart.o)
 .rodata.str1.1
                0x102e882f       0x25 libs/gcc/app_start.lib(watchdog.o)
 .rodata.str1.1
                0x102e8854       0x9a libs/gcc/app_start.lib(gpio.o)

.rodata.str1.4  0x102e88f0        0xc
 .rodata.str1.4
                0x102e88f0        0x4 C:\Program Files (x86)\CodeSourcery\Sourcery_CodeBench_Lite_for_ARM_EABI/arm-none-eabi/lib/thumb/libm.a(lib_a-w_pow.o)
 .rodata.str1.4
                0x102e88f4        0x1 C:\Program Files (x86)\CodeSourcery\Sourcery_CodeBench_Lite_for_ARM_EABI/arm-none-eabi/lib/thumb/libm.a(lib_a-e_pow.o)
                                  0x4 (size before relaxing)
 *fill*         0x102e88f5        0x3 
 .rodata.str1.4
                0x102e88f8        0x4 C:\Program Files (x86)\CodeSourcery\Sourcery_CodeBench_Lite_for_ARM_EABI/arm-none-eabi/lib/thumb/libc.a(lib_a-impure.o)

.rel.dyn        0x102e88fc        0x0
 .rel.iplt      0x00000000        0x0 build\gcc\obj/custom/config/custom_sys_cfg.o

.data           0xf03d2000      0xa68 load address 0x102e8900
                0x102e8900                PROVIDE (__data_load, LOADADDR (.data))
                0xf03d2000                PROVIDE (__data_start, .)
 *(.data)
 .data          0xf03d2000        0x1 build\gcc\obj/ril/src/ril_bluetooth.o
 *fill*         0xf03d2001        0x3 
 .data          0xf03d2004       0x20 build\gcc\obj/ril/src/ril_init.o
                0xf03d2004                g_LimitedCmds
                0xf03d200c                g_InitCmds
 .data          0xf03d2024       0x38 build\gcc\obj/ril/src/ril_urc.o
                0xf03d2024                mqtt_urc_param
 .data          0xf03d205c      0x5a4 build\gcc\obj/example/Pooja_Power_V_0.0.3.o
                0xf03d205c                socket_flag
                0xf03d205d                DEVICE_ID
                0xf03d206c                MODEL_NAME
                0xf03d208a                UTC_DATE_TIME
                0xf03d209e                VERSION
                0xf03d20b7                COMMUNICATION_WITH_CONTROLLER_FLAG
                0xf03d20ec                test_topic_SUB_array
                0xf03d20f0                test_topic_PUB_array
                0xf03d20f4                APN_NAME
                0xf03d210d                MODBUS_SLAVE_ID
                0xf03d2110                ST_Interval
                0xf03d2114                start_flag
                0xf03d2115                SYSTEM_INITIALIZE_WATCHDOG_FLAG
                0xf03d2118                LOGBOOK_Interval
                0xf03d211c                MQTT_TIMER_PERIOD
                0xf03d2120                SERVER_PROTOCOL_SELECTION
                0xf03d2121                TIMESTAMP_SUB_MSG
                0xf03d2131                SYSTEM_WATCHDOG_FLAG
                0xf03d2132                ST_Interval_1
                0xf03d2138                test_topic_BUF_array
                0xf03d213c                ST_Interval_4
                0xf03d2140                WATCHDOG_FEED_PIN
                0xf03d2144                Timer_Val_WatchdogFeed
                0xf03d214c                LOGBOOK_DATA_FLAG
                0xf03d214d                CLOSE_flag
                0xf03d214e                DISC_flag
                0xf03d214f                NO_OF_SUB_TOPIC
                0xf03d2150                ST_Interval_2
                0xf03d2154                UTC_DATE_TIME_1
                0xf03d2168                ST_Interval_3
                0xf03d216c                reset_flag
                0xf03d216d                QUERY_REPEAT_COUNT
                0xf03d2170                ST_Interval_6
                0xf03d2174                ST_Interval_12
                0xf03d217a                UTC_DATE_TIME_5
                0xf03d218e                UTC_DATE_TIME_4
                0xf03d21a2                UTC_DATE_TIME_3
                0xf03d21b6                UTC_DATE_TIME_2
                0xf03d21ca                APP_BIN_URL
                0xf03d25ca                device_secret
                0xf03d25dd                device_name
                0xf03d25ee                product_key
 .data          0xf03d2600       0x18 libs/gcc/app_start.lib(ql_func.o)
                0xf03d2600                api_notsup
 .data          0xf03d2618        0x4 libs/gcc/app_start.lib(ril_aux.o)
                0xf03d2618                g_ril_auxTaskId
 .data          0xf03d261c       0x10 libs/gcc/app_start.lib(ril_main.o)
 .data          0xf03d262c        0x1 C:\Program Files (x86)\CodeSourcery\Sourcery_CodeBench_Lite_for_ARM_EABI/arm-none-eabi/lib/thumb/libm.a(lib_a-s_lib_ver.o)
                0xf03d262c                __fdlib_version
 *fill*         0xf03d262d        0x3 
 .data          0xf03d2630      0x430 C:\Program Files (x86)\CodeSourcery\Sourcery_CodeBench_Lite_for_ARM_EABI/arm-none-eabi/lib/thumb/libc.a(lib_a-impure.o)
                0xf03d2630                _impure_ptr
 .data          0xf03d2a60        0x4 C:\Program Files (x86)\CodeSourcery\Sourcery_CodeBench_Lite_for_ARM_EABI/arm-none-eabi/lib/thumb/libc.a(lib_a-ctype_.o)
                0xf03d2a60                __ctype_ptr__
                0xf03d2a68                . = ALIGN (0x8)
 *fill*         0xf03d2a64        0x4 
                0xf03d2a68                PROVIDE (_edata, .)

.igot.plt       0xf03d2a68        0x0 load address 0x102e9368
 .igot.plt      0x00000000        0x0 build\gcc\obj/custom/config/custom_sys_cfg.o

.bss            0xf03d2a68     0xb2a4 load address 0x102e9368
                0xf03d2a68                PROVIDE (__bss_start__, .)
 *(.bss)
 .bss           0xf03d2a68        0x4 build\gcc\obj/ril/src/ril_atResponse.o
 .bss           0xf03d2a6c        0x4 build\gcc\obj/ril/src/ril_audio.o
                0xf03d2a6c                cb_aud_play
 .bss           0xf03d2a70       0x98 build\gcc\obj/ril/src/ril_bluetooth.o
 .bss           0xf03d2b08        0x4 build\gcc\obj/ril/src/ril_custom.o
                0xf03d2b08                cb_rcvCoreData
 .bss           0xf03d2b0c       0x10 build\gcc\obj/ril/src/ril_dtmf.o
 .bss           0xf03d2b1c       0x18 build\gcc\obj/ril/src/ril_http.o
                0xf03d2b20                http_url_addr
                0xf03d2b24                http_url_addr_len
                0xf03d2b28                http_post_msg
                0xf03d2b2c                http_post_msg_len
                0xf03d2b30                callback_http_dwnld
 .bss           0xf03d2b34        0x4 build\gcc\obj/ril/src/ril_location.o
 .bss           0xf03d2b38        0x4 build\gcc\obj/ril/src/ril_ntp.o
 .bss           0xf03d2b3c        0x1 build\gcc\obj/ril/src/ril_sms.o
 *fill*         0xf03d2b3d        0x3 
 .bss           0xf03d2b40        0x8 build\gcc\obj/ril/src/ril_urc.o
                0xf03d2b40                FtpGet_IND_CB
                0xf03d2b44                FtpPut_IND_CB
 .bss           0xf03d2b48     0x5568 build\gcc\obj/example/Pooja_Power_V_0.0.3.o
                0xf03d2b48                DEVICE_LATITUDE
                0xf03d2b4c                DEVICE_LONGITUDE
                0xf03d3b54                GPRS_flag
                0xf03d3c08                m_SocketConnState
                0xf03d3c09                ERROR_STATUS_1
                0xf03d3c0a                DATA_FROM_CONTROLLER
                0xf03d3ff2                NO_COMM_WITH_CONTROLLER_COUNT
                0xf03d3ff3                comm_flag
                0xf03d3ff4                DATA_SEND_TO_SERVER_FLAG
                0xf03d3ff5                SOCKET_IN_WOULD_BLOCK_FLAG
                0xf03d3ff6                SERVER2_SETTING_SELECTION_FLAG
                0xf03d3ff7                filePath1
                0xf03d405b                filePath2
                0xf03d40bf                filePath3
                0xf03d4123                filePath4
                0xf03d4187                filePath5
                0xf03d41eb                filePath6
                0xf03d424f                filePath7
                0xf03d42b3                filePath8
                0xf03d4317                filePath9
                0xf03d437b                filePath10
                0xf03d43df                filePath11
                0xf03d4443                filePath12
                0xf03d44a7                filePath13
                0xf03d450b                filePath14
                0xf03d456f                filePath15
                0xf03d496f                filePath16
                0xf03d4d6f                filePath17
                0xf03d516f                filePath18
                0xf03d5570                ID_FLAG
                0xf03d5574                NETWORK_STATUS_INDICATOR
                0xf03d5575                MOD_SLAVE
                0xf03d599c                module_state
                0xf03d599d                PORT2_COMMUNICATION_FLAG
                0xf03d599e                send_1
                0xf03d599f                send_flag2
                0xf03d59a0                send_flag1
                0xf03d59a1                QUERY_SEND_STAGE
                0xf03d5ba2                MODBUS_STORE_PARAMETER_DETECTECTION_FLAG
                0xf03d5ba3                INITIAL_RTC_TIME_SYNC_FLAG
                0xf03d5ba4                strBuf_ser_mod
                0xf03d5c08                strBuf_time_store
                0xf03d5c6c                strBuf_id
                0xf03d5cd0                strBuf_apn
                0xf03d5d34                strBuf_ip
                0xf03d5d98                strBuf_port
                0xf03d5dfc                m_SrvPort1
                0xf03d5e01                strBuf_time
                0xf03d5e65                strBuf_Count
                0xf03d5eca                STORE_DATA_COUNT
                0xf03d5ecc                STORE_DATA_LENGTH
                0xf03d5ece                DATA_STORE_FLAG
                0xf03d5ecf                m_SrvPort12
                0xf03d5ed4                strBuf_data
                0xf03d66a4                Total_No_Of_Queries
                0xf03d66a8                count
                0xf03d66ac                Slave_1_QN
                0xf03d66b0                Slave_2_QN
                0xf03d66b4                Slave_3_QN
                0xf03d66b8                Slave_4_QN
                0xf03d66bc                connect_id
                0xf03d66c0                pub_message_id
                0xf03d6c78                MODBUS_WRITE_QURIES_COUNT
                0xf03d6c79                database
                0xf03d6ffd                MODBUS_WRITE_FLAG
                0xf03d7000                mqtt_urc_param_ptr
                0xf03d7005                GSM_flag
                0xf03d7006                Network_Time_Set_Flag
                0xf03d7007                fota_flag
                0xf03d7008                NO_OF_MODBUS_VARIABLE_COUNT
                0xf03d700a                COUNT_FOR_STORE_TIME_IN_UFL
                0xf03d700b                username
                0xf03d700d                passwd
                0xf03d7010                sub_message_id
                0xf03d7014                CHECK_MODBUS_QUERY_RESPONSE_FLAG
                0xf03d7015                QUERY_POINTER
                0xf03d7016                DATA_RCV_ON_UART_FOR_MODBUS_FLAG
                0xf03d7017                QUERY_RCV_POINTER
                0xf03d7018                SEND_DATA_TO_SERVER_FLAG
                0xf03d7019                ERROR_STATUS_2
                0xf03d701a                ERROR_STATUS_3
                0xf03d701b                ERROR_STATUS_4
                0xf03d701c                ERROR_STATUS_5
                0xf03d701d                ERROR_STATUS_6
                0xf03d701e                ERROR_STATUS_7
                0xf03d701f                ERROR_STATUS_8
                0xf03d7020                ERROR_STATUS_9
                0xf03d7021                ERROR_STATUS_10
                0xf03d7022                ERROR_STATUS_11
                0xf03d7023                ERROR_STATUS_12
                0xf03d7024                NO_COMMUNICATION_WITH_CONTROLLER_INDICATION
                0xf03d7025                DATA_STRING_COUNTER
                0xf03d7026                HTTP_GPRS_SETTING_FLAG
                0xf03d7027                GPRS_Connection_Flag
                0xf03d7028                ERROR_FLAG
                0xf03d7029                send_data_flag
                0xf03d702a                storage_flag
                0xf03d702b                string_flag
                0xf03d702c                HTTP_RESPONSE_FLAG
                0xf03d702d                HTTP_BLOCK_STATE_FLAG
                0xf03d702e                QUERY_REPEAT_COUNTER
                0xf03d702f                QUERY_RCV_STAGE
                0xf03d7030                DATA_FROM_CONTROLLER_5
                0xf03d7418                DATA_FROM_CONTROLLER_4
                0xf03d7800                DATA_FROM_CONTROLLER_3
                0xf03d7be8                DATA_FROM_CONTROLLER_2
                0xf03d7fd0                Flag
                0xf03d7fd4                i
                0xf03d7fd8                Slave_4
                0xf03d7fdc                Slave_3
                0xf03d7fe0                Slave_2
                0xf03d7fe4                Slave_1
                0xf03d7fe8                strBuf_time1
                0xf03d804c                strBuf_url
 .bss           0xf03d80b0       0x60 libs/gcc/app_start.lib(fileSys.o)
 .bss           0xf03d8110       0x28 libs/gcc/app_start.lib(gprs.o)
 .bss           0xf03d8138        0x8 libs/gcc/app_start.lib(memory.o)
 .bss           0xf03d8140       0x24 libs/gcc/app_start.lib(ql_func.o)
                0xf03d8140                m_StartPlayAudioStream
                0xf03d8144                m_get_api_ptr
                0xf03d8148                m_StopPlayAudioStream
                0xf03d814c                m_GetRelativeTime_Counter
                0xf03d8150                m_SecondToTicks
                0xf03d8154                m_MillisecondToTicks
                0xf03d8158                m_CalendarTime2LocalTime
                0xf03d815c                m_osChangeTaskPriority
                0xf03d8160                m_create_api_hash
 .bss           0xf03d8164       0x10 libs/gcc/app_start.lib(ql_main.o)
                0xf03d8168                runinfo
 .bss           0xf03d8174        0x1 libs/gcc/app_start.lib(ril_aux.o)
                0xf03d8174                g_ril_auxTaskReady
 *fill*         0xf03d8175        0x3 
 .bss           0xf03d8178      0xc34 libs/gcc/app_start.lib(ril_main.o)
 .bss           0xf03d8dac       0x4c libs/gcc/app_start.lib(socket.o)
 .bss           0xf03d8df8       0x5c libs/gcc/app_start.lib(stdlib_func.o)
 .bss           0xf03d8e54       0x14 libs/gcc/app_start.lib(system.o)
 .bss           0xf03d8e68       0x44 libs/gcc/app_start.lib(taskMngt.o)
 .bss           0xf03d8eac       0x10 libs/gcc/app_start.lib(time.o)
 .bss           0xf03d8ebc       0x10 libs/gcc/app_start.lib(timer.o)
 .bss           0xf03d8ecc       0x3c libs/gcc/app_start.lib(uart.o)
 .bss           0xf03d8f08       0x18 libs/gcc/app_start.lib(watchdog.o)
 .bss           0xf03d8f20       0x20 libs/gcc/app_start.lib(gpio.o)
                0xf03d8f20                m_GPIO_Init
                0xf03d8f24                m_GPIO_SetLevel
                0xf03d8f28                m_GPIO_GetLevel
                0xf03d8f2c                m_GPIO_SetDirection
                0xf03d8f30                m_GPIO_GetDirection
                0xf03d8f34                m_GPIO_SetPullSelection
                0xf03d8f38                m_GPIO_GetPullSelection
                0xf03d8f3c                m_GPIO_Uninit
                0xf03d8f40                . = ALIGN (0x8)
                0xf03d8f40                PROVIDE (__bss_end__, .)
 COMMON         0xf03d8f40      0x124 build\gcc\obj/ril/src/ril_telephony.o
                0xf03d8f40                g_comingCall
 COMMON         0xf03d9064     0x4c94 build\gcc\obj/example/Pooja_Power_V_0.0.3.o
                0xf03d9064                meter_no
                0xf03d9066                FUNCTION_CODE
                0xf03d90cc                wtdid1
                0xf03d90d0                WTD_Id
                0xf03d90d4                Temp_Queries
                0xf03d90d5                MODBUS_SLAVE_ID_BUFF
                0xf03d9139                arrHttpRcvBuf
                0xf03db93c                MODBUS_ADDRESS
                0xf03dbacc                Sub_Topic_Set
                0xf03dbafc                data_mod
                0xf03dbc4c                address_mod
                0xf03dbd9c                g_asConSMSBuf
                0xf03dcf36                NO_OF_QUERY
                0xf03dcf38                mqtt_topic_info_t
                0xf03dcf68                time
                0xf03dcf84                pdpCntxtId
                0xf03dcf88                WTD_Id2
                0xf03dcf8c                wtdid2
                0xf03dcf90                port2_dcb
                0xf03dcf98                MODBUS_LEGTH
                0xf03dd128                FOTA_STATUS_VARIABLE
                0xf03dd140                HTTP_POST_MSG
 COMMON         0xf03ddcf8       0x10 libs/gcc/app_start.lib(ql_main.o)
                0xf03ddcf8                Ql_snprintf
                0xf03ddcfc                Ql_sprintf
                0xf03ddd00                Ql_Debug_Trace
                0xf03ddd04                Ql_sscanf
 COMMON         0xf03ddd08        0x4 libs/gcc/app_start.lib(ril_main.o)
                0xf03ddd08                MQTT_Recvhandler
LOAD build\gcc\obj/custom/config/custom_sys_cfg.o
LOAD build\gcc\obj/custom/config/sys_config.o
LOAD build\gcc\obj/ril/src/ril_alarm.o
LOAD build\gcc\obj/ril/src/ril_atResponse.o
LOAD build\gcc\obj/ril/src/ril_audio.o
LOAD build\gcc\obj/ril/src/ril_bluetooth.o
LOAD build\gcc\obj/ril/src/ril_custom.o
LOAD build\gcc\obj/ril/src/ril_dtmf.o
LOAD build\gcc\obj/ril/src/ril_ftp.o
LOAD build\gcc\obj/ril/src/ril_http.o
LOAD build\gcc\obj/ril/src/ril_init.o
LOAD build\gcc\obj/ril/src/ril_location.o
LOAD build\gcc\obj/ril/src/ril_location2.o
LOAD build\gcc\obj/ril/src/ril_mqtt.o
LOAD build\gcc\obj/ril/src/ril_network.o
LOAD build\gcc\obj/ril/src/ril_ntp.o
LOAD build\gcc\obj/ril/src/ril_sim.o
LOAD build\gcc\obj/ril/src/ril_sms.o
LOAD build\gcc\obj/ril/src/ril_system.o
LOAD build\gcc\obj/ril/src/ril_telephony.o
LOAD build\gcc\obj/ril/src/ril_urc.o
LOAD build\gcc\obj/ril/src/ril_util.o
LOAD build\gcc\obj/example/Pooja_Power_V_0.0.3.o
LOAD build\gcc\obj/custom/main.o
LOAD build\gcc\obj/custom/fota/src/fota_ftp.o
LOAD build\gcc\obj/custom/fota/src/fota_http.o
LOAD build\gcc\obj/custom/fota/src/fota_http_code.o
LOAD build\gcc\obj/custom/fota/src/fota_main.o
LOAD libs/gcc/app_start.lib
LOAD C:\Program Files (x86)\CodeSourcery\Sourcery_CodeBench_Lite_for_ARM_EABI/arm-none-eabi/lib/thumb/libm.a
LOAD C:\Program Files (x86)\CodeSourcery\Sourcery_CodeBench_Lite_for_ARM_EABI/arm-none-eabi/lib/thumb/libc.a
LOAD C:\Program Files (x86)\CodeSourcery\Sourcery_CodeBench_Lite_for_ARM_EABI/arm-none-eabi/lib/thumb/libcs3.a
LOAD C:\Program Files (x86)\CodeSourcery\Sourcery_CodeBench_Lite_for_ARM_EABI/lib/gcc/arm-none-eabi/4.7.2/thumb/libgcc.a
OUTPUT(build\gcc/APPGS3MDM32A01.elf elf32-littlearm)

.comment        0x00000000       0x30
 .comment       0x00000000       0x30 build\gcc\obj/custom/config/custom_sys_cfg.o
                                 0x31 (size before relaxing)
 .comment       0x00000000       0x31 build\gcc\obj/custom/config/sys_config.o
 .comment       0x00000000       0x31 build\gcc\obj/ril/src/ril_atResponse.o
 .comment       0x00000000       0x31 build\gcc\obj/ril/src/ril_audio.o
 .comment       0x00000000       0x31 build\gcc\obj/ril/src/ril_bluetooth.o
 .comment       0x00000000       0x31 build\gcc\obj/ril/src/ril_custom.o
 .comment       0x00000000       0x31 build\gcc\obj/ril/src/ril_dtmf.o
 .comment       0x00000000       0x31 build\gcc\obj/ril/src/ril_http.o
 .comment       0x00000000       0x31 build\gcc\obj/ril/src/ril_init.o
 .comment       0x00000000       0x31 build\gcc\obj/ril/src/ril_location.o
 .comment       0x00000000       0x31 build\gcc\obj/ril/src/ril_mqtt.o
 .comment       0x00000000       0x31 build\gcc\obj/ril/src/ril_network.o
 .comment       0x00000000       0x31 build\gcc\obj/ril/src/ril_ntp.o
 .comment       0x00000000       0x31 build\gcc\obj/ril/src/ril_sim.o
 .comment       0x00000000       0x31 build\gcc\obj/ril/src/ril_sms.o
 .comment       0x00000000       0x31 build\gcc\obj/ril/src/ril_system.o
 .comment       0x00000000       0x31 build\gcc\obj/ril/src/ril_telephony.o
 .comment       0x00000000       0x31 build\gcc\obj/ril/src/ril_urc.o
 .comment       0x00000000       0x31 build\gcc\obj/ril/src/ril_util.o
 .comment       0x00000000       0x31 build\gcc\obj/example/Pooja_Power_V_0.0.3.o
 .comment       0x00000000       0x31 libs/gcc/app_start.lib(fileSys.o)
 .comment       0x00000000       0x31 libs/gcc/app_start.lib(gprs.o)
 .comment       0x00000000       0x31 libs/gcc/app_start.lib(lib_ril_sms.o)
 .comment       0x00000000       0x31 libs/gcc/app_start.lib(memory.o)
 .comment       0x00000000       0x31 libs/gcc/app_start.lib(ql_func.o)
 .comment       0x00000000       0x31 libs/gcc/app_start.lib(ql_main.o)
 .comment       0x00000000       0x31 libs/gcc/app_start.lib(ril_aux.o)
 .comment       0x00000000       0x31 libs/gcc/app_start.lib(ril_main.o)
 .comment       0x00000000       0x31 libs/gcc/app_start.lib(socket.o)
 .comment       0x00000000       0x31 libs/gcc/app_start.lib(stdlib_func.o)
 .comment       0x00000000       0x31 libs/gcc/app_start.lib(system.o)
 .comment       0x00000000       0x31 libs/gcc/app_start.lib(taskMngt.o)
 .comment       0x00000000       0x31 libs/gcc/app_start.lib(time.o)
 .comment       0x00000000       0x31 libs/gcc/app_start.lib(timer.o)
 .comment       0x00000000       0x31 libs/gcc/app_start.lib(uart.o)
 .comment       0x00000000       0x31 libs/gcc/app_start.lib(watchdog.o)
 .comment       0x00000000       0x31 libs/gcc/app_start.lib(gpio.o)

.ARM.attributes
                0x00000000       0x2b
 .ARM.attributes
                0x00000000       0x2b build\gcc\obj/custom/config/custom_sys_cfg.o
 .ARM.attributes
                0x0000002b       0x2b build\gcc\obj/custom/config/sys_config.o
 .ARM.attributes
                0x00000056       0x2b build\gcc\obj/ril/src/ril_atResponse.o
 .ARM.attributes
                0x00000081       0x2b build\gcc\obj/ril/src/ril_audio.o
 .ARM.attributes
                0x000000ac       0x2b build\gcc\obj/ril/src/ril_bluetooth.o
 .ARM.attributes
                0x000000d7       0x2b build\gcc\obj/ril/src/ril_custom.o
 .ARM.attributes
                0x00000102       0x2b build\gcc\obj/ril/src/ril_dtmf.o
 .ARM.attributes
                0x0000012d       0x2b build\gcc\obj/ril/src/ril_http.o
 .ARM.attributes
                0x00000158       0x2b build\gcc\obj/ril/src/ril_init.o
 .ARM.attributes
                0x00000183       0x2b build\gcc\obj/ril/src/ril_location.o
 .ARM.attributes
                0x000001ae       0x2b build\gcc\obj/ril/src/ril_mqtt.o
 .ARM.attributes
                0x000001d9       0x2b build\gcc\obj/ril/src/ril_network.o
 .ARM.attributes
                0x00000204       0x2b build\gcc\obj/ril/src/ril_ntp.o
 .ARM.attributes
                0x0000022f       0x2b build\gcc\obj/ril/src/ril_sim.o
 .ARM.attributes
                0x0000025a       0x2b build\gcc\obj/ril/src/ril_sms.o
 .ARM.attributes
                0x00000285       0x2b build\gcc\obj/ril/src/ril_system.o
 .ARM.attributes
                0x000002b0       0x2b build\gcc\obj/ril/src/ril_telephony.o
 .ARM.attributes
                0x000002db       0x2b build\gcc\obj/ril/src/ril_urc.o
 .ARM.attributes
                0x00000306       0x2b build\gcc\obj/ril/src/ril_util.o
 .ARM.attributes
                0x00000331       0x2b build\gcc\obj/example/Pooja_Power_V_0.0.3.o
 .ARM.attributes
                0x0000035c       0x2b libs/gcc/app_start.lib(fileSys.o)
 .ARM.attributes
                0x00000387       0x2b libs/gcc/app_start.lib(gprs.o)
 .ARM.attributes
                0x000003b2       0x2b libs/gcc/app_start.lib(lib_ril_sms.o)
 .ARM.attributes
                0x000003dd       0x2b libs/gcc/app_start.lib(memory.o)
 .ARM.attributes
                0x00000408       0x2b libs/gcc/app_start.lib(ql_func.o)
 .ARM.attributes
                0x00000433       0x2b libs/gcc/app_start.lib(ql_main.o)
 .ARM.attributes
                0x0000045e       0x2b libs/gcc/app_start.lib(ril_aux.o)
 .ARM.attributes
                0x00000489       0x2b libs/gcc/app_start.lib(ril_main.o)
 .ARM.attributes
                0x000004b4       0x2b libs/gcc/app_start.lib(socket.o)
 .ARM.attributes
                0x000004df       0x2b libs/gcc/app_start.lib(stdlib_func.o)
 .ARM.attributes
                0x0000050a       0x2b libs/gcc/app_start.lib(system.o)
 .ARM.attributes
                0x00000535       0x2b libs/gcc/app_start.lib(taskMngt.o)
 .ARM.attributes
                0x00000560       0x2b libs/gcc/app_start.lib(time.o)
 .ARM.attributes
                0x0000058b       0x2b libs/gcc/app_start.lib(timer.o)
 .ARM.attributes
                0x000005b6       0x2b libs/gcc/app_start.lib(uart.o)
 .ARM.attributes
                0x000005e1       0x2b libs/gcc/app_start.lib(watchdog.o)
 .ARM.attributes
                0x0000060c       0x2b libs/gcc/app_start.lib(gpio.o)
 .ARM.attributes
                0x00000637       0x1d libs/gcc/app_start.lib(ocpu_init.o)
 .ARM.attributes
                0x00000654       0x30 C:\Program Files (x86)\CodeSourcery\Sourcery_CodeBench_Lite_for_ARM_EABI/arm-none-eabi/lib/thumb/libm.a(lib_a-w_pow.o)
 .ARM.attributes
                0x00000684       0x30 C:\Program Files (x86)\CodeSourcery\Sourcery_CodeBench_Lite_for_ARM_EABI/arm-none-eabi/lib/thumb/libm.a(lib_a-e_pow.o)
 .ARM.attributes
                0x000006b4       0x30 C:\Program Files (x86)\CodeSourcery\Sourcery_CodeBench_Lite_for_ARM_EABI/arm-none-eabi/lib/thumb/libm.a(lib_a-e_sqrt.o)
 .ARM.attributes
                0x000006e4       0x30 C:\Program Files (x86)\CodeSourcery\Sourcery_CodeBench_Lite_for_ARM_EABI/arm-none-eabi/lib/thumb/libm.a(lib_a-s_fabs.o)
 .ARM.attributes
                0x00000714       0x30 C:\Program Files (x86)\CodeSourcery\Sourcery_CodeBench_Lite_for_ARM_EABI/arm-none-eabi/lib/thumb/libm.a(lib_a-s_finite.o)
 .ARM.attributes
                0x00000744       0x30 C:\Program Files (x86)\CodeSourcery\Sourcery_CodeBench_Lite_for_ARM_EABI/arm-none-eabi/lib/thumb/libm.a(lib_a-s_fpclassify.o)
 .ARM.attributes
                0x00000774       0x30 C:\Program Files (x86)\CodeSourcery\Sourcery_CodeBench_Lite_for_ARM_EABI/arm-none-eabi/lib/thumb/libm.a(lib_a-s_lib_ver.o)
 .ARM.attributes
                0x000007a4       0x30 C:\Program Files (x86)\CodeSourcery\Sourcery_CodeBench_Lite_for_ARM_EABI/arm-none-eabi/lib/thumb/libm.a(lib_a-s_matherr.o)
 .ARM.attributes
                0x000007d4       0x30 C:\Program Files (x86)\CodeSourcery\Sourcery_CodeBench_Lite_for_ARM_EABI/arm-none-eabi/lib/thumb/libm.a(lib_a-s_nan.o)
 .ARM.attributes
                0x00000804       0x30 C:\Program Files (x86)\CodeSourcery\Sourcery_CodeBench_Lite_for_ARM_EABI/arm-none-eabi/lib/thumb/libm.a(lib_a-s_rint.o)
 .ARM.attributes
                0x00000834       0x30 C:\Program Files (x86)\CodeSourcery\Sourcery_CodeBench_Lite_for_ARM_EABI/arm-none-eabi/lib/thumb/libm.a(lib_a-s_scalbn.o)
 .ARM.attributes
                0x00000864       0x30 C:\Program Files (x86)\CodeSourcery\Sourcery_CodeBench_Lite_for_ARM_EABI/arm-none-eabi/lib/thumb/libm.a(lib_a-s_copysign.o)
 .ARM.attributes
                0x00000894       0x30 C:\Program Files (x86)\CodeSourcery\Sourcery_CodeBench_Lite_for_ARM_EABI/arm-none-eabi/lib/thumb/libc.a(lib_a-atoi.o)
 .ARM.attributes
                0x000008c4       0x30 C:\Program Files (x86)\CodeSourcery\Sourcery_CodeBench_Lite_for_ARM_EABI/arm-none-eabi/lib/thumb/libc.a(lib_a-errno.o)
 .ARM.attributes
                0x000008f4       0x30 C:\Program Files (x86)\CodeSourcery\Sourcery_CodeBench_Lite_for_ARM_EABI/arm-none-eabi/lib/thumb/libc.a(lib_a-impure.o)
 .ARM.attributes
                0x00000924       0x30 C:\Program Files (x86)\CodeSourcery\Sourcery_CodeBench_Lite_for_ARM_EABI/arm-none-eabi/lib/thumb/libc.a(lib_a-memcpy.o)
 .ARM.attributes
                0x00000954       0x30 C:\Program Files (x86)\CodeSourcery\Sourcery_CodeBench_Lite_for_ARM_EABI/arm-none-eabi/lib/thumb/libc.a(lib_a-memset.o)
 .ARM.attributes
                0x00000984       0x30 C:\Program Files (x86)\CodeSourcery\Sourcery_CodeBench_Lite_for_ARM_EABI/arm-none-eabi/lib/thumb/libc.a(lib_a-strcpy.o)
 .ARM.attributes
                0x000009b4       0x30 C:\Program Files (x86)\CodeSourcery\Sourcery_CodeBench_Lite_for_ARM_EABI/arm-none-eabi/lib/thumb/libc.a(lib_a-strlen.o)
 .ARM.attributes
                0x000009e4       0x30 C:\Program Files (x86)\CodeSourcery\Sourcery_CodeBench_Lite_for_ARM_EABI/arm-none-eabi/lib/thumb/libc.a(lib_a-strtok.o)
 .ARM.attributes
                0x00000a14       0x30 C:\Program Files (x86)\CodeSourcery\Sourcery_CodeBench_Lite_for_ARM_EABI/arm-none-eabi/lib/thumb/libc.a(lib_a-strtok_r.o)
 .ARM.attributes
                0x00000a44       0x30 C:\Program Files (x86)\CodeSourcery\Sourcery_CodeBench_Lite_for_ARM_EABI/arm-none-eabi/lib/thumb/libc.a(lib_a-strtol.o)
 .ARM.attributes
                0x00000a74       0x30 C:\Program Files (x86)\CodeSourcery\Sourcery_CodeBench_Lite_for_ARM_EABI/arm-none-eabi/lib/thumb/libc.a(lib_a-ctype_.o)
 .ARM.attributes
                0x00000aa4       0x18 C:\Program Files (x86)\CodeSourcery\Sourcery_CodeBench_Lite_for_ARM_EABI/lib/gcc/arm-none-eabi/4.7.2/thumb/libgcc.a(_udivsi3.o)
 .ARM.attributes
                0x00000abc       0x18 C:\Program Files (x86)\CodeSourcery\Sourcery_CodeBench_Lite_for_ARM_EABI/lib/gcc/arm-none-eabi/4.7.2/thumb/libgcc.a(_divsi3.o)
 .ARM.attributes
                0x00000ad4       0x16 C:\Program Files (x86)\CodeSourcery\Sourcery_CodeBench_Lite_for_ARM_EABI/lib/gcc/arm-none-eabi/4.7.2/thumb/libgcc.a(_dvmd_tls.o)
 .ARM.attributes
                0x00000aea       0x18 C:\Program Files (x86)\CodeSourcery\Sourcery_CodeBench_Lite_for_ARM_EABI/lib/gcc/arm-none-eabi/4.7.2/thumb/libgcc.a(_arm_addsubdf3.o)
 .ARM.attributes
                0x00000b02       0x18 C:\Program Files (x86)\CodeSourcery\Sourcery_CodeBench_Lite_for_ARM_EABI/lib/gcc/arm-none-eabi/4.7.2/thumb/libgcc.a(_arm_muldivdf3.o)
 .ARM.attributes
                0x00000b1a       0x18 C:\Program Files (x86)\CodeSourcery\Sourcery_CodeBench_Lite_for_ARM_EABI/lib/gcc/arm-none-eabi/4.7.2/thumb/libgcc.a(_arm_cmpdf2.o)
 .ARM.attributes
                0x00000b32       0x18 C:\Program Files (x86)\CodeSourcery\Sourcery_CodeBench_Lite_for_ARM_EABI/lib/gcc/arm-none-eabi/4.7.2/thumb/libgcc.a(_arm_fixdfsi.o)
 .ARM.attributes
                0x00000b4a       0x18 C:\Program Files (x86)\CodeSourcery\Sourcery_CodeBench_Lite_for_ARM_EABI/lib/gcc/arm-none-eabi/4.7.2/thumb/libgcc.a(_arm_fixunsdfsi.o)
 .ARM.attributes
                0x00000b62       0x18 C:\Program Files (x86)\CodeSourcery\Sourcery_CodeBench_Lite_for_ARM_EABI/lib/gcc/arm-none-eabi/4.7.2/thumb/libgcc.a(_arm_truncdfsf2.o)

.debug_frame    0x00000000      0x400
 .debug_frame   0x00000000       0x3c C:\Program Files (x86)\CodeSourcery\Sourcery_CodeBench_Lite_for_ARM_EABI/arm-none-eabi/lib/thumb/libm.a(lib_a-w_pow.o)
 .debug_frame   0x0000003c       0x3c C:\Program Files (x86)\CodeSourcery\Sourcery_CodeBench_Lite_for_ARM_EABI/arm-none-eabi/lib/thumb/libm.a(lib_a-e_pow.o)
 .debug_frame   0x00000078       0x3c C:\Program Files (x86)\CodeSourcery\Sourcery_CodeBench_Lite_for_ARM_EABI/arm-none-eabi/lib/thumb/libm.a(lib_a-e_sqrt.o)
 .debug_frame   0x000000b4       0x20 C:\Program Files (x86)\CodeSourcery\Sourcery_CodeBench_Lite_for_ARM_EABI/arm-none-eabi/lib/thumb/libm.a(lib_a-s_fabs.o)
 .debug_frame   0x000000d4       0x20 C:\Program Files (x86)\CodeSourcery\Sourcery_CodeBench_Lite_for_ARM_EABI/arm-none-eabi/lib/thumb/libm.a(lib_a-s_finite.o)
 .debug_frame   0x000000f4       0x28 C:\Program Files (x86)\CodeSourcery\Sourcery_CodeBench_Lite_for_ARM_EABI/arm-none-eabi/lib/thumb/libm.a(lib_a-s_fpclassify.o)
 .debug_frame   0x0000011c       0x20 C:\Program Files (x86)\CodeSourcery\Sourcery_CodeBench_Lite_for_ARM_EABI/arm-none-eabi/lib/thumb/libm.a(lib_a-s_matherr.o)
 .debug_frame   0x0000013c       0x20 C:\Program Files (x86)\CodeSourcery\Sourcery_CodeBench_Lite_for_ARM_EABI/arm-none-eabi/lib/thumb/libm.a(lib_a-s_nan.o)
 .debug_frame   0x0000015c       0x38 C:\Program Files (x86)\CodeSourcery\Sourcery_CodeBench_Lite_for_ARM_EABI/arm-none-eabi/lib/thumb/libm.a(lib_a-s_rint.o)
 .debug_frame   0x00000194       0x34 C:\Program Files (x86)\CodeSourcery\Sourcery_CodeBench_Lite_for_ARM_EABI/arm-none-eabi/lib/thumb/libm.a(lib_a-s_scalbn.o)
 .debug_frame   0x000001c8       0x2c C:\Program Files (x86)\CodeSourcery\Sourcery_CodeBench_Lite_for_ARM_EABI/arm-none-eabi/lib/thumb/libm.a(lib_a-s_copysign.o)
 .debug_frame   0x000001f4       0x40 C:\Program Files (x86)\CodeSourcery\Sourcery_CodeBench_Lite_for_ARM_EABI/arm-none-eabi/lib/thumb/libc.a(lib_a-atoi.o)
 .debug_frame   0x00000234       0x20 C:\Program Files (x86)\CodeSourcery\Sourcery_CodeBench_Lite_for_ARM_EABI/arm-none-eabi/lib/thumb/libc.a(lib_a-errno.o)
 .debug_frame   0x00000254       0x38 C:\Program Files (x86)\CodeSourcery\Sourcery_CodeBench_Lite_for_ARM_EABI/arm-none-eabi/lib/thumb/libc.a(lib_a-memcpy.o)